   | dataset: cifar10 (10 classes)
   | device: cuda
   |   NVIDIA GeForce RTX 4070 Laptop GPU
   | 
   | === variability sweep: qat_b32.pth, B=32, 10000 images, 10 seed(s) per point ===
   |   sigma= 0.0%  raw  79.07%   blind-calib  92.41%   write-verify  92.41%
   |   sigma= 5.0%  raw  79.30%   blind-calib  92.31%   write-verify  92.30%
   |   sigma=10.0%  raw  79.95%   blind-calib  92.18%   write-verify  92.19%
   |   sigma=20.0%  raw  82.17%   blind-calib  91.51%   write-verify  91.36%
   | 
   | === variability sweep: qat_b64.pth, B=64, 10000 images, 10 seed(s) per point ===
   |   sigma= 0.0%  raw  57.74%   blind-calib  92.27%   write-verify  92.27%
   |   sigma= 5.0%  raw  58.23%   blind-calib  92.17%   write-verify  92.15%
   |   sigma=10.0%  raw  59.57%   blind-calib  92.12%   write-verify  92.05%
   |   sigma=20.0%  raw  63.65%   blind-calib  91.40%   write-verify  91.19%
   | 
   | === variability sweep: qat_b128.pth, B=128, 10000 images, 10 seed(s) per point ===
   |   sigma= 0.0%  raw  11.61%   blind-calib  92.43%   write-verify  92.43%
   |   sigma= 5.0%  raw  11.61%   blind-calib  92.46%   write-verify  92.45%
   |   sigma=10.0%  raw  11.86%   blind-calib  92.33%   write-verify  92.30%
   |   sigma=20.0%  raw  13.20%   blind-calib  91.63%   write-verify  91.27%
   | 
   | === variability sweep: qat_b256.pth, B=256, 10000 images, 10 seed(s) per point ===
   |   sigma= 0.0%  raw  10.00%   blind-calib  92.01%   write-verify  92.01%
   |   sigma= 5.0%  raw  10.00%   blind-calib  92.09%   write-verify  92.08%
   |   sigma=10.0%  raw  10.03%   blind-calib  91.99%   write-verify  91.92%
   |   sigma=20.0%  raw  10.15%   blind-calib  91.27%   write-verify  90.93%
   | 
   | ==============================================================================
   | DOES THE GAIN CALIBRATION SURVIVE DEVICE VARIABILITY?
   | ==============================================================================
   |     B   sigma    raw %   blind %  w-verify %
   | ------------------------------------------------------------------------------
   |    32    0.0%    79.07     92.41       92.41
   |    32    5.0%    79.30     92.31       92.30
   |    32   10.0%    79.95     92.18       92.19
   |    32   20.0%    82.17     91.51       91.36
   |    64    0.0%    57.74     92.27       92.27
   |    64    5.0%    58.23     92.17       92.15
   |    64   10.0%    59.57     92.12       92.05
   |    64   20.0%    63.65     91.40       91.19
   |   128    0.0%    11.61     92.43       92.43
   |   128    5.0%    11.61     92.46       92.45
   |   128   10.0%    11.86     92.33       92.30
   |   128   20.0%    13.20     91.63       91.27
   |   256    0.0%    10.00     92.01       92.01
   |   256    5.0%    10.00     92.09       92.08
   |   256   10.0%    10.03     91.99       91.92
   |   256   20.0%    10.15     91.27       90.93
   | ------------------------------------------------------------------------------
   | Blind calibration loses 0.90 pts going from sigma=0 to sigma=20%.
   | Under a few points: the contribution stands as written -- the correction is
   | computable at compile time from the programmed targets alone.
   | Larger, but write-verify holds: the contribution becomes 'calibrate from measured
   | conductances', which costs a read-back per cell.
   | Neither holds: tile height is limited by device variability, not by the divider,
   | and that is the paper instead.
   | 
   | Wrote variability.csv
