   | dataset: cifar10 (10 classes)
   | device: cuda
   |   NVIDIA GeForce RTX 4070 Laptop GPU
   | 
   | === drift sweep: qat_b32.pth, B=32, 10000 images, nu_LRS=0.01 nu_HRS=0.05 sigma_nu=0.004, 3 seed(s) ===
   |   FP2 digital-exact ceiling: 92.42%
   |   t=    1y  raw  10.01%   stale-calib  72.76%   recalibrated  91.71%   (ceiling 92.42%)
   | 
   | === drift sweep: qat_b64.pth, B=64, 10000 images, nu_LRS=0.01 nu_HRS=0.05 sigma_nu=0.004, 3 seed(s) ===
   |   FP2 digital-exact ceiling: 92.47%
   |   t=    1y  raw  10.00%   stale-calib  78.80%   recalibrated  91.91%   (ceiling 92.47%)
   | 
   | === drift sweep: qat_b128.pth, B=128, 10000 images, nu_LRS=0.01 nu_HRS=0.05 sigma_nu=0.004, 3 seed(s) ===
   |   FP2 digital-exact ceiling: 92.81%
   |   t=    1y  raw  10.00%   stale-calib  80.63%   recalibrated  91.87%   (ceiling 92.81%)
   | 
   | === drift sweep: qat_b256.pth, B=256, 10000 images, nu_LRS=0.01 nu_HRS=0.05 sigma_nu=0.004, 3 seed(s) ===
   |   FP2 digital-exact ceiling: 92.43%
   |   t=    1y  raw  10.00%   stale-calib  86.05%   recalibrated  91.46%   (ceiling 92.43%)
   | 
   | ====================================================================================
   | DOES A COMPILE-TIME CALIBRATION GO STALE AS THE DEVICE DRIFTS?
   | ====================================================================================
   |     B       t    raw %   stale %  recalib %  ceiling %  stale cost
   | ------------------------------------------------------------------------------------
   |    32      1y    10.01     72.76      91.71      92.42      -19.66
   |    64      1y    10.00     78.80      91.91      92.47      -13.67
   |   128      1y    10.00     80.63      91.87      92.81      -12.18
   |   256      1y    10.00     86.05      91.46      92.43       -6.38
   | ------------------------------------------------------------------------------------
   | Worst stale point: B=32, t=1y, 72.76% vs 92.42% ceiling.
   | Refreshing the constants there is worth +18.95 pts.
   | 
   | If `stale` holds, the calibration is genuinely compile-time and the
   | contribution stands as written. If only `recalib` holds, the design needs
   | a periodic read-back-and-refresh, which is a real but bounded cost -- state
   | the required interval. If neither holds, drift, not the divider, is what
   | limits tile height, and that becomes the paper's finding instead.
   | 
   | Wrote drift_rsense_40.csv
