   | dataset: cifar10 (10 classes)
   | device: cuda
   |   NVIDIA GeForce RTX 4070 Laptop GPU
   | 
   | === drift sweep: qat_b128.pth, B=128, 10000 images, nu_LRS=0.01 nu_HRS=0.05 sigma_nu=0.001, 3 seed(s) ===
   |   FP2 digital-exact ceiling: 92.81%
   |   t=    1s  raw  11.80%   stale-calib  92.39%   recalibrated  92.23%   (ceiling 92.81%)
   |   t=    1h  raw  10.04%   stale-calib  89.58%   recalibrated  92.06%   (ceiling 92.81%)
   |   t=    1d  raw  10.01%   stale-calib  85.89%   recalibrated  92.16%   (ceiling 92.81%)
   |   t=   1mo  raw  10.00%   stale-calib  78.94%   recalibrated  92.03%   (ceiling 92.81%)
   |   t=    1y  raw  10.00%   stale-calib  71.52%   recalibrated  92.12%   (ceiling 92.81%)
   | 
   | ====================================================================================
   | DOES A COMPILE-TIME CALIBRATION GO STALE AS THE DEVICE DRIFTS?
   | ====================================================================================
   |     B       t    raw %   stale %  recalib %  ceiling %  stale cost
   | ------------------------------------------------------------------------------------
   |   128      1s    11.80     92.39      92.23      92.81       -0.42
   |   128      1h    10.04     89.58      92.06      92.81       -3.23
   |   128      1d    10.01     85.89      92.16      92.81       -6.92
   |   128     1mo    10.00     78.94      92.03      92.81      -13.87
   |   128      1y    10.00     71.52      92.12      92.81      -21.29
   | ------------------------------------------------------------------------------------
   | Worst stale point: B=128, t=1y, 71.52% vs 92.81% ceiling.
   | Refreshing the constants there is worth +20.61 pts.
   | 
   | If `stale` holds, the calibration is genuinely compile-time and the
   | contribution stands as written. If only `recalib` holds, the design needs
   | a periodic read-back-and-refresh, which is a real but bounded cost -- state
   | the required interval. If neither holds, drift, not the divider, is what
   | limits tile height, and that becomes the paper's finding instead.
   | 
   | Wrote drift_nusigma_0.001.csv
