NeuroSim at /home/shaiv/DNN_NeuroSim_V1.4
memcelltype currently: 1

=== RRAM ===
  memcelltype 1 -> 2 (rram)
  resistanceOn 542.8 -> 6000.0
  rebuilding NeuroSIM ...
  $ /usr/bin/python3 inference.py --dataset cifar10 --model VGG8 --mode WAGE --cellBit 2 --subArray 32 --ADCprecision 8 --wl_weight 2 --onoffratio 403
  Param.cpp restored

==============================================================================
NEUROSIM, SAME TOOL, SAME NETWORK, DIFFERENT CELL
==============================================================================
weight 2b, cell 2b -> 1 cell(s) per weight  [FP2: one cell, no shift-add tree]
------------------------------------------------------------------------------
metric                                      rram
------------------------------------------------------------------------------
chip area (mm2)                               --
  CIM array (mm2)                          0.837
  ADC / sense (mm2)                        6.380
  interconnect (mm2)                          --
  accumulation (mm2)                          --
  other periphery (mm2)           149,263,000,000,000.000
latency/image (us)                            --
dynamic energy/img (uJ)                       --
leakage power (uW)                            --
  ADC energy (uJ)                          2.600
  accum energy (uJ)                4,066,770.000
  other energy (uJ)                           --
TOPS                                          --
TOPS/W                                        --
TOPS/mm2                                      --
FPS                                           --
accuracy (%)                                  89
1T1R tx width needed (F)                      --
------------------------------------------------------------------------------
