

===== /usr/bin/python3 hw_model.py --layers-csv bench_b32.csv --tile-m 32 --tile-k 16 --report hw_b32.json --power-csv ngspice_b128_summary.csv --adc-bits 6.0 =====
Loaded ngspice-measured array power for 19 layers.

============================================================================================
FP2-E1M0 2T2R ReRAM ACCELERATOR -- AREA / POWER / DELAY
tile 32x16   node 65 nm   ADC 6 bit   Rsense 20 ohm   Vread 0.10 V
============================================================================================

Layer                     tiles   util%  t_tile(ns)     E(nJ)    fJ/MAC   ADC%E  P_arr(uW)  src
--------------------------------------------------------------------------------------------
layer1.0.conv1               72    38.6       12.00      3.26      88.5    90.4     163.26  SIM
layer1.0.conv2               72    40.7       12.00      3.26      88.3    90.6     156.20  SIM
layer1.1.conv1               72    40.3       12.00      3.52      95.4    83.9     455.26  SIM
layer1.1.conv2               72    42.0       12.00      3.21      87.1    91.8     103.35  SIM
layer2.0.conv1              144    42.4       12.00      6.98      94.7    84.5     425.86  SIM
layer2.0.conv2              288    39.9       12.00     12.89      87.4    91.5     115.93  SIM
layer2.0.downsample.0        16    42.1       12.00      0.75      91.7    87.3     298.42  SIM
layer2.1.conv1              288    40.6       12.00     13.57      92.0    86.9     312.35  SIM
layer2.1.conv2              288    41.0       12.00     12.71      86.2    92.8      63.70  SIM
layer3.0.conv1              576    42.4       12.00     27.87      94.5    84.6     418.96  SIM
layer3.0.conv2             1152    41.7       12.00     51.01      86.5    92.5      76.95  SIM
layer3.0.downsample.0        64    40.4       12.00      3.06      93.3    85.7     367.72  SIM
layer3.1.conv1             1152    42.4       12.00     51.63      87.5    91.4     121.32  SIM
layer3.1.conv2             1152    41.6       12.00     50.46      85.6    93.5      37.14  SIM
layer4.0.conv1             2304    41.5       12.00    106.96      90.7    88.2     255.22  SIM
layer4.0.conv2             4608    42.4       12.00    206.05      87.3    91.6     113.01  SIM
layer4.0.downsample.0       256    39.6       12.00     12.10      92.3    86.7     324.30  SIM
layer4.1.conv1             4608    42.2       12.00    216.09      91.6    87.3     294.54  SIM
layer4.1.conv2             4608    42.5       12.00    204.19      86.5    92.4      79.41  SIM
--------------------------------------------------------------------------------------------

DELAY   [MODEL]
  bitline R_eff 13.44 ohm   C_bl 6.40 fF   tau 0.14 ps
  settling 0.001 ns (0.0% of tile time)   ADC 12.000 ns
  tile read 12.001 ns  ->  0.085 TOPS per tile
  whole-network latency (K-tiles parallel, M-tiles serial): 11.62 us

AREA    [MODEL on ASSUM]
  per tile: array 242 um2 (0.7%)   ADC 20000 um2 (55.2%)   DAC 12800 um2   psum 3200 um2
  1024 ReRAM cells/tile, 4.0 ADC/tile (mux 8:1)
  21792 tiles, all weights resident (fully weight-stationary) -> 789.792 mm2
  A 790 mm2 die is not manufacturable at sane cost. Re-run with --physical-tiles to time-multiplex, or raise --tile-m.

ENERGY  [SIM array + MODEL periphery]
  source: 19/19 layers with ngspice-measured array power
  total 989.6 nJ for 11,157,504 MACs = 0.0887 pJ/MAC
  ADC is 89.1% of energy on average

EFFICIENCY
  1.92 TOPS   22.6 TOPS/W   0.00 TOPS/mm2
============================================================================================
[SIM] measured by ngspice. [MODEL] closed form. [ASSUM] literature-typical placeholder -- replace with PDK data before publishing. Area and delay rest on [ASSUM]; the array power term does not.

Wrote hw_b32.json


===== /usr/bin/python3 hw_model.py --layers-csv bench_b64.csv --tile-m 64 --tile-k 16 --report hw_b64.json --power-csv ngspice_b128_summary.csv --adc-bits 6.0 =====
Loaded ngspice-measured array power for 19 layers.

============================================================================================
FP2-E1M0 2T2R ReRAM ACCELERATOR -- AREA / POWER / DELAY
tile 64x16   node 65 nm   ADC 6 bit   Rsense 20 ohm   Vread 0.10 V
============================================================================================

Layer                     tiles   util%  t_tile(ns)     E(nJ)    fJ/MAC   ADC%E  P_arr(uW)  src
--------------------------------------------------------------------------------------------
layer1.0.conv1               36    30.7       12.00      1.69      45.8    87.3     163.26  SIM
layer1.0.conv2               36    33.3       12.00      1.69      45.7    87.5     156.20  SIM
layer1.1.conv1               36    32.5       12.00      1.82      49.2    81.2     455.26  SIM
layer1.1.conv2               36    34.7       12.00      1.66      45.1    88.7     103.35  SIM
layer2.0.conv1               72    36.4       12.00      3.61      48.9    81.8     425.86  SIM
layer2.0.conv2              144    34.8       12.00      6.67      45.3    88.4     115.93  SIM
layer2.0.downsample.0         8    36.3       12.00      0.39      47.4    84.4     298.42  SIM
layer2.1.conv1              144    35.9       12.00      7.01      47.6    84.1     312.35  SIM
layer2.1.conv2              144    35.4       12.00      6.58      44.7    89.6      63.70  SIM
layer3.0.conv1              288    35.0       12.00     14.40      48.8    81.9     418.96  SIM
layer3.0.conv2              576    35.9       12.00     26.43      44.8    89.3      76.95  SIM
layer3.0.downsample.0        32    32.8       12.00      1.58      48.2    83.0     367.72  SIM
layer3.1.conv1              576    37.4       12.00     26.74      45.3    88.2     121.32  SIM
layer3.1.conv2              576    38.3       12.00     26.15      44.3    90.2      37.14  SIM
layer4.0.conv1             1152    34.7       12.00     55.32      46.9    85.3     255.22  SIM
layer4.0.conv2             2304    37.0       12.00    106.71      45.2    88.4     113.01  SIM
layer4.0.downsample.0       128    35.4       12.00      6.25      47.7    83.8     324.30  SIM
layer4.1.conv1             2304    37.0       12.00    111.73      47.4    84.5     294.54  SIM
layer4.1.conv2             2304    39.4       12.00    105.78      44.8    89.2      79.41  SIM
--------------------------------------------------------------------------------------------

DELAY   [MODEL]
  bitline R_eff 10.87 ohm   C_bl 12.80 fF   tau 0.34 ps
  settling 0.001 ns (0.0% of tile time)   ADC 12.000 ns
  tile read 12.001 ns  ->  0.171 TOPS per tile
  whole-network latency (K-tiles parallel, M-tiles serial): 5.81 us

AREA    [MODEL on ASSUM]
  per tile: array 485 um2 (1.0%)   ADC 20000 um2 (40.6%)   DAC 25600 um2   psum 3200 um2
  2048 ReRAM cells/tile, 4.0 ADC/tile (mux 8:1)
  10896 tiles, all weights resident (fully weight-stationary) -> 537.005 mm2
  A 537 mm2 die is not manufacturable at sane cost. Re-run with --physical-tiles to time-multiplex, or raise --tile-m.

ENERGY  [SIM array + MODEL periphery]
  source: 19/19 layers with ngspice-measured array power
  total 512.2 nJ for 11,157,504 MACs = 0.0459 pJ/MAC
  ADC is 86.1% of energy on average

EFFICIENCY
  3.84 TOPS   43.6 TOPS/W   0.01 TOPS/mm2
============================================================================================
[SIM] measured by ngspice. [MODEL] closed form. [ASSUM] literature-typical placeholder -- replace with PDK data before publishing. Area and delay rest on [ASSUM]; the array power term does not.

Wrote hw_b64.json
  NOTE: ngspice_full_sweep defaults to --tile-m 32. If that CSV was produced at a different tile height than the --tile-m 64 requested here, the array term is off by the cell-count ratio (2x). Re-run the sweep with --tile-m 64 to remove the caveat.


===== /usr/bin/python3 hw_model.py --layers-csv bench_b128.csv --tile-m 128 --tile-k 16 --report hw_b128.json --power-csv ngspice_b128_summary.csv --adc-bits 6.0 =====
Loaded ngspice-measured array power for 19 layers.

============================================================================================
FP2-E1M0 2T2R ReRAM ACCELERATOR -- AREA / POWER / DELAY
tile 128x16   node 65 nm   ADC 6 bit   Rsense 20 ohm   Vread 0.10 V
============================================================================================

Layer                     tiles   util%  t_tile(ns)     E(nJ)    fJ/MAC   ADC%E  P_arr(uW)  src
--------------------------------------------------------------------------------------------
layer1.0.conv1               20    24.9       12.00      1.00      24.5    81.7     163.26  SIM
layer1.0.conv2               20    27.4       12.00      1.00      24.4    81.9     156.20  SIM
layer1.1.conv1               20    28.0       12.00      1.07      26.2    76.4     455.26  SIM
layer1.1.conv2               20    29.0       12.00      0.99      24.1    82.9     103.35  SIM
layer2.0.conv1               40    30.5       12.00      2.13      26.0    76.9     425.86  SIM
layer2.0.conv2               72    31.1       12.00      3.57      24.2    82.7     115.93  SIM
layer2.0.downsample.0         8    36.9       12.00      0.41      25.3    79.2     298.42  SIM
layer2.1.conv1               72    32.1       12.00      3.74      25.3    78.9     312.35  SIM
layer2.1.conv2               72    32.7       12.00      3.52      23.9    83.7      63.70  SIM
layer3.0.conv1              144    28.9       12.00      7.66      26.0    77.0     418.96  SIM
layer3.0.conv2              288    29.8       12.00     14.14      24.0    83.4      76.95  SIM
layer3.0.downsample.0        16    28.1       12.00      0.84      25.7    77.9     367.72  SIM
layer3.1.conv1              288    30.8       12.00     14.29      24.2    82.6     121.32  SIM
layer3.1.conv2              288    34.4       12.00     14.00      23.7    84.3      37.14  SIM
layer4.0.conv1              576    28.6       12.00     29.50      25.0    80.0     255.22  SIM
layer4.0.conv2             1152    29.8       12.00     57.04      24.2    82.7     113.01  SIM
layer4.0.downsample.0        64    34.1       12.00      3.33      25.4    78.7     324.30  SIM
layer4.1.conv1             1152    30.1       12.00     59.55      25.2    79.2     294.54  SIM
layer4.1.conv2             1152    34.9       12.00     56.58      24.0    83.4      79.41  SIM
--------------------------------------------------------------------------------------------

DELAY   [MODEL]
  bitline R_eff 8.15 ohm   C_bl 25.60 fF   tau 1.03 ps
  settling 0.004 ns (0.0% of tile time)   ADC 12.000 ns
  tile read 12.004 ns  ->  0.341 TOPS per tile
  whole-network latency (K-tiles parallel, M-tiles serial): 2.94 us

AREA    [MODEL on ASSUM]
  per tile: array 969 um2 (1.3%)   ADC 20000 um2 (26.5%)   DAC 51200 um2   psum 3200 um2
  4096 ReRAM cells/tile, 4.0 ADC/tile (mux 8:1)
  5464 tiles, all weights resident (fully weight-stationary) -> 411.817 mm2
  A 412 mm2 die is not manufacturable at sane cost. Re-run with --physical-tiles to time-multiplex, or raise --tile-m.

ENERGY  [SIM array + MODEL periphery]
  source: 19/19 layers with ngspice-measured array power
  total 274.4 nJ for 11,157,504 MACs = 0.0246 pJ/MAC
  ADC is 80.7% of energy on average

EFFICIENCY
  7.59 TOPS   81.3 TOPS/W   0.02 TOPS/mm2
============================================================================================
[SIM] measured by ngspice. [MODEL] closed form. [ASSUM] literature-typical placeholder -- replace with PDK data before publishing. Area and delay rest on [ASSUM]; the array power term does not.

Wrote hw_b128.json
  NOTE: ngspice_full_sweep defaults to --tile-m 32. If that CSV was produced at a different tile height than the --tile-m 128 requested here, the array term is off by the cell-count ratio (4x). Re-run the sweep with --tile-m 128 to remove the caveat.


===== /usr/bin/python3 hw_model.py --layers-csv bench_b256.csv --tile-m 256 --tile-k 16 --report hw_b256.json --power-csv ngspice_b128_summary.csv --adc-bits 6.0 =====
Loaded ngspice-measured array power for 19 layers.

============================================================================================
FP2-E1M0 2T2R ReRAM ACCELERATOR -- AREA / POWER / DELAY
tile 256x16   node 65 nm   ADC 6 bit   Rsense 20 ohm   Vread 0.10 V
============================================================================================

Layer                     tiles   util%  t_tile(ns)     E(nJ)    fJ/MAC   ADC%E  P_arr(uW)  src
--------------------------------------------------------------------------------------------
layer1.0.conv1               12    20.7       12.02      0.68      13.8    72.5     163.26  SIM
layer1.0.conv2               12    23.2       12.01      0.68      13.8    72.6     156.20  SIM
layer1.1.conv1               12    22.1       12.02      0.72      14.7    68.2     455.26  SIM
layer1.1.conv2               12    24.2       12.01      0.67      13.6    73.4     103.35  SIM
layer2.0.conv1               24    26.1       12.01      1.43      14.6    68.6     425.86  SIM
layer2.0.conv2               40    28.1       12.01      2.24      13.7    73.2     115.93  SIM
layer2.0.downsample.0         8    32.8       12.01      0.47      14.2    70.4     298.42  SIM
layer2.1.conv1               40    29.6       12.01      2.33      14.2    70.2     312.35  SIM
layer2.1.conv2               40    30.4       12.01      2.21      13.5    74.0      63.70  SIM
layer3.0.conv1               80    26.2       12.01      4.77      14.5    68.7     418.96  SIM
layer3.0.conv2              144    24.0       12.01      7.99      13.5    73.8      76.95  SIM
layer3.0.downsample.0        16    29.5       12.01      0.94      14.4    69.4     367.72  SIM
layer3.1.conv1              144    24.9       12.01      8.07      13.7    73.1     121.32  SIM
layer3.1.conv2              144    28.4       12.01      7.92      13.4    74.5      37.14  SIM
layer4.0.conv1              288    26.0       12.01     16.60      14.1    71.1     255.22  SIM
layer4.0.conv2              576    23.8       12.01     32.21      13.7    73.3     113.01  SIM
layer4.0.downsample.0        32    31.1       12.01      1.87      14.3    70.1     324.30  SIM
layer4.1.conv1              576    24.0       12.01     33.46      14.2    70.5     294.54  SIM
layer4.1.conv2              576    28.0       12.01     31.98      13.6    73.8      79.41  SIM
--------------------------------------------------------------------------------------------

DELAY   [MODEL]
  bitline R_eff 5.69 ohm   C_bl 51.20 fF   tau 3.57 ps
  settling 0.015 ns (0.1% of tile time)   ADC 12.000 ns
  tile read 12.015 ns  ->  0.682 TOPS per tile
  whole-network latency (K-tiles parallel, M-tiles serial): 1.54 us

AREA    [MODEL on ASSUM]
  per tile: array 1938 um2 (1.5%)   ADC 20000 um2 (15.7%)   DAC 102400 um2   psum 3200 um2
  8192 ReRAM cells/tile, 4.0 ADC/tile (mux 8:1)
  2776 tiles, all weights resident (fully weight-stationary) -> 354.046 mm2
  A 354 mm2 die is not manufacturable at sane cost. Re-run with --physical-tiles to time-multiplex, or raise --tile-m.

ENERGY  [SIM array + MODEL periphery]
  source: 19/19 layers with ngspice-measured array power
  total 157.2 nJ for 11,157,504 MACs = 0.0141 pJ/MAC
  ADC is 71.7% of energy on average

EFFICIENCY
  14.51 TOPS   141.9 TOPS/W   0.04 TOPS/mm2
============================================================================================
[SIM] measured by ngspice. [MODEL] closed form. [ASSUM] literature-typical placeholder -- replace with PDK data before publishing. Area and delay rest on [ASSUM]; the array power term does not.

Wrote hw_b256.json
  NOTE: ngspice_full_sweep defaults to --tile-m 32. If that CSV was produced at a different tile height than the --tile-m 256 requested here, the array term is off by the cell-count ratio (8x). Re-run the sweep with --tile-m 256 to remove the caveat.
