   | Loaded ngspice-measured array power for 19 layers.
   |   NOTE: ngspice_full_sweep defaults to --tile-m 32. If that CSV was produced at a different tile height than the --tile-m 128 requested here, the array term is off by the cell-count ratio (4x). Re-run the sweep with --tile-m 128 to remove the caveat.
   | 
   | ============================================================================================
   | FP2-E1M0 2T2R ReRAM ACCELERATOR -- AREA / POWER / DELAY
   | tile 128x16   node 65 nm   ADC 5 bit   Rsense 20 ohm   Vread 0.10 V
   | ============================================================================================
   | 
   | Layer                     tiles   util%  t_tile(ns)     E(nJ)    fJ/MAC   ADC%E  P_arr(uW)  src
   | --------------------------------------------------------------------------------------------
   | layer1.0.conv1               20    24.9       10.00      0.59      14.3    69.9     163.26  SIM
   | layer1.0.conv2               20    27.4       10.00      0.58      14.3    70.0     156.20  SIM
   | layer1.1.conv1               20    28.0       10.00      0.64      15.7    63.5     455.26  SIM
   | layer1.1.conv2               20    29.0       10.00      0.57      14.0    71.3     103.35  SIM
   | layer2.0.conv1               40    30.5       10.00      1.28      15.6    64.1     425.86  SIM
   | layer2.0.conv2               72    31.1       10.00      2.08      14.1    71.0     115.93  SIM
   | layer2.0.downsample.0         8    36.9       10.00      0.25      15.0    66.8     298.42  SIM
   | layer2.1.conv1               72    32.1       10.00      2.22      15.0    66.5     312.35  SIM
   | layer2.1.conv2               72    32.7       10.00      2.04      13.8    72.3      63.70  SIM
   | layer3.0.conv1              144    28.9       10.00      4.59      15.6    64.3     418.96  SIM
   | layer3.0.conv2              288    29.8       10.00      8.19      13.9    72.0      76.95  SIM
   | layer3.0.downsample.0        16    28.1       10.00      0.50      15.3    65.3     367.72  SIM
   | layer3.1.conv1              288    30.8       10.00      8.32      14.1    70.9     121.32  SIM
   | layer3.1.conv2              288    34.4       10.00      8.08      13.7    73.0      37.14  SIM
   | layer4.0.conv1              576    28.6       10.00     17.41      14.8    67.7     255.22  SIM
   | layer4.0.conv2             1152    29.8       10.00     33.19      14.1    71.1     113.01  SIM
   | layer4.0.downsample.0        64    34.1       10.00      1.98      15.1    66.2     324.30  SIM
   | layer4.1.conv1             1152    30.1       10.00     35.28      15.0    66.9     294.54  SIM
   | layer4.1.conv2             1152    34.9       10.00     32.80      13.9    71.9      79.41  SIM
   | --------------------------------------------------------------------------------------------
   | 
   | DELAY   [MODEL]
   |   bitline R_eff 8.15 ohm   C_bl 25.60 fF   tau 1.03 ps
   |   settling 0.004 ns (0.0% of tile time)   ADC 10.000 ns
   |   tile read 10.004 ns  ->  0.409 TOPS per tile
   |   whole-network latency (K-tiles parallel, M-tiles serial): 52.31 us
   | 
   | AREA    [MODEL on ASSUM]
   |   per tile: array 969 um2 (1.3%)   ADC 20000 um2 (26.5%)   DAC 51200 um2   psum 3200 um2
   |   4096 ReRAM cells/tile, 4.0 ADC/tile (mux 8:1)
   |   5464 logical tiles time-multiplexed over 256 physical tiles (reuse 21.3x) -> 19.294 mm2
   |   EXCLUDES tile reprogramming energy/time between passes -- with 21 reloads that term is likely dominant.
   | 
   | ENERGY  [SIM array + MODEL periphery]
   |   source: 19/19 layers with ngspice-measured array power
   |   total 160.6 nJ for 11,157,504 MACs = 0.0144 pJ/MAC
   |   ADC is 68.7% of energy on average
   | 
   | EFFICIENCY
   |   0.43 TOPS   138.9 TOPS/W   0.02 TOPS/mm2
   | ============================================================================================
   | [SIM] measured by ngspice. [MODEL] closed form. [ASSUM] literature-typical placeholder -- replace with PDK data before publishing. Area and delay rest on [ASSUM]; the array power term does not.
   | 
   | Wrote hw_final.json
