NeuroSim at /home/shaiv/DNN_NeuroSim_V1.4
memcelltype currently: 1

=== RRAM ===
  memcelltype 1 -> 2 (rram)
  resistanceOn 542.8 -> 6000.0
  rebuilding NeuroSIM ...
  $ /usr/bin/python3 inference.py --dataset cifar10 --model VGG8 --mode WAGE --cellBit 2 --subArray 128 --ADCprecision 6 --wl_weight 2 --onoffratio 403
  Param.cpp restored

==============================================================================
NEUROSIM, SAME TOOL, SAME NETWORK, DIFFERENT CELL
==============================================================================
weight 2b, cell 2b -> 1 cell(s) per weight  [FP2: one cell, no shift-add tree]
------------------------------------------------------------------------------
metric                                      rram
------------------------------------------------------------------------------
chip area (mm2)                          100.564
  CIM array (mm2)                          0.932
  ADC / sense (mm2)                        2.054
  interconnect (mm2)                       9.867
  accumulation (mm2)                       2.926
  other periphery (mm2)                   14.629
latency/image (us)                        167.39
dynamic energy/img (uJ)                   15.305
leakage power (uW)                         497.3
  ADC energy (uJ)                          7.831
  accum energy (uJ)                        0.888
  other energy (uJ)                        6.586
TOPS                                        7.36
TOPS/W                                     65.61
TOPS/mm2                                  0.0732
FPS                                        5,974
accuracy (%)                                  89
1T1R tx width needed (F)                      --
------------------------------------------------------------------------------
