/home/shaiv/DNN_NeuroSim_V1.4/Inference_pytorch/log/default/ADCprecision=6/batch_size=200/cellBit=2/dataset=cifar10/decreasing_lr=140,180/detect=0/grad_scale=8/inference=0/lr=0.01/mode=WAGE/model=VGG8/onoffratio=3.0/parallelRead=128/seed=117/subArray=128/t=0/target=0/v=0/vari=0.0/wl_activate=8/wl_error=8/wl_grad=8/wl_weight=2
Building CIFAR-10 data loader with 1 workers
fan_in     27, float_limit 0.333333, float std 0.272166, quant limit 0.5, scale 2.0
fan_in   1152, float_limit 0.051031, float std 0.041667, quant limit 0.5, scale 16.0
fan_in   1152, float_limit 0.051031, float std 0.041667, quant limit 0.5, scale 16.0
fan_in   2304, float_limit 0.036084, float std 0.029463, quant limit 0.5, scale 16.0
fan_in   2304, float_limit 0.036084, float std 0.029463, quant limit 0.5, scale 16.0
fan_in   4608, float_limit 0.025516, float std 0.020833, quant limit 0.5, scale 32.0
fan_in   8192, float_limit 0.019137, float std 0.015625, quant limit 0.5, scale 32.0
fan_in   1024, float_limit 0.054127, float std 0.044194, quant limit 0.5, scale 16.0
User assigned speed-up degree is larger than the upper bound (where no idle period during the whole process) 
The speed-up degree is auto-assigned as the upper bound (where no idle period during the whole process) 
------------------------------ FloorPlan --------------------------------

Tile and PE size are optimized to maximize memory utilization ( = memory mapped by synapse / total memory on chip)

Desired Conventional Mapped Tile Storage Size: 1024x1024
Desired Conventional PE Storage Size: 512x512
Desired Novel Mapped Tile Storage Size: 9x512x512
User-defined SubArray Size: 128x128

----------------- # of tile used for each layer -----------------
layer1: 1
layer2: 2
layer3: 1
layer4: 2
layer5: 2
layer6: 2
layer7: 16
layer8: 1

----------------- Speed-up of each layer ------------------
layer1: 32
layer2: 16
layer3: 4
layer4: 4
layer5: 2
layer6: 1
layer7: 1
layer8: 8

----------------- Utilization of each layer ------------------
layer1: 0.210938
layer2: 1
layer3: 1
layer4: 1
layer5: 1
layer6: 1
layer7: 1
layer8: 0.15625
Memory Utilization of Whole Chip: 93.9525 % 

---------------------------- FloorPlan Done ------------------------------



clkPeriod: 2.97551e-09
-------------------------------------- Hardware Performance --------------------------------------
-------------------- Estimation of Layer 1 ----------------------
layer1's readLatency is: 216949ns
layer1's readDynamicEnergy is: 1.06177e+06pJ
layer1's leakagePower is: 0uW
layer1's leakageEnergy is: 0pJ
layer1's buffer latency is: 188212ns
layer1's buffer readDynamicEnergy is: 6539.96pJ
layer1's ic latency is: 22748.8ns
layer1's ic readDynamicEnergy is: 353462pJ

************************ Breakdown of Latency and Dynamic Energy *************************

----------- ADC (or S/As and precharger for SRAM) readLatency is : 5355.92ns
----------- Accumulation Circuits (subarray level: adders, shiftAdds; PE/Tile/Global level: accumulation units) readLatency is : 334.745ns
----------- Other Peripheries (e.g. decoders, mux, switchmatrix, buffers, IC, pooling and activation units) readLatency is : 211258ns
----------- ADC (or S/As and precharger for SRAM) readDynamicEnergy is : 506981pJ
----------- Accumulation Circuits (subarray level: adders, shiftAdds; PE/Tile/Global level: accumulation units) readDynamicEnergy is : 29455.7pJ
----------- Other Peripheries (e.g. decoders, mux, switchmatrix, buffers, IC, pooling and activation units) readDynamicEnergy is : 525331pJ

************************ Breakdown of Latency and Dynamic Energy *************************

-------------------- Estimation of Layer 2 ----------------------
layer2's readLatency is: 154986ns
layer2's readDynamicEnergy is: 8.73955e+06pJ
layer2's leakagePower is: 27.1313uW
layer2's leakageEnergy is: 5886.09pJ
layer2's buffer latency is: 101930ns
layer2's buffer readDynamicEnergy is: 43450pJ
layer2's ic latency is: 28359.6ns
layer2's ic readDynamicEnergy is: 1.50725e+06pJ

************************ Breakdown of Latency and Dynamic Energy *************************

----------- ADC (or S/As and precharger for SRAM) readLatency is : 10711.8ns
----------- Accumulation Circuits (subarray level: adders, shiftAdds; PE/Tile/Global level: accumulation units) readLatency is : 11678.9ns
----------- Other Peripheries (e.g. decoders, mux, switchmatrix, buffers, IC, pooling and activation units) readLatency is : 132595ns
----------- ADC (or S/As and precharger for SRAM) readDynamicEnergy is : 5.34185e+06pJ
----------- Accumulation Circuits (subarray level: adders, shiftAdds; PE/Tile/Global level: accumulation units) readDynamicEnergy is : 303323pJ
----------- Other Peripheries (e.g. decoders, mux, switchmatrix, buffers, IC, pooling and activation units) readDynamicEnergy is : 3.09438e+06pJ

************************ Breakdown of Latency and Dynamic Energy *************************

-------------------- Estimation of Layer 3 ----------------------
layer3's readLatency is: 67316.6ns
layer3's readDynamicEnergy is: 3.85702e+06pJ
layer3's leakagePower is: 32.7595uW
layer3's leakageEnergy is: 7107.12pJ
layer3's buffer latency is: 39025.4ns
layer3's buffer readDynamicEnergy is: 15694.4pJ
layer3's ic latency is: 15913ns
layer3's ic readDynamicEnergy is: 577082pJ

************************ Breakdown of Latency and Dynamic Energy *************************

----------- ADC (or S/As and precharger for SRAM) readLatency is : 9331.2ns
----------- Accumulation Circuits (subarray level: adders, shiftAdds; PE/Tile/Global level: accumulation units) readLatency is : 2916ns
----------- Other Peripheries (e.g. decoders, mux, switchmatrix, buffers, IC, pooling and activation units) readLatency is : 55069.4ns
----------- ADC (or S/As and precharger for SRAM) readDynamicEnergy is : 2.45935e+06pJ
----------- Accumulation Circuits (subarray level: adders, shiftAdds; PE/Tile/Global level: accumulation units) readDynamicEnergy is : 123175pJ
----------- Other Peripheries (e.g. decoders, mux, switchmatrix, buffers, IC, pooling and activation units) readDynamicEnergy is : 1.27449e+06pJ

************************ Breakdown of Latency and Dynamic Energy *************************

-------------------- Estimation of Layer 4 ----------------------
layer4's readLatency is: 71906.8ns
layer4's readDynamicEnergy is: 6.01817e+06pJ
layer4's leakagePower is: 65.163uW
layer4's leakageEnergy is: 14137pJ
layer4's buffer latency is: 46169.6ns
layer4's buffer readDynamicEnergy is: 18922.9pJ
layer4's ic latency is: 12353.3ns
layer4's ic readDynamicEnergy is: 656491pJ

************************ Breakdown of Latency and Dynamic Energy *************************

----------- ADC (or S/As and precharger for SRAM) readLatency is : 9331.2ns
----------- Accumulation Circuits (subarray level: adders, shiftAdds; PE/Tile/Global level: accumulation units) readLatency is : 3046.92ns
----------- Other Peripheries (e.g. decoders, mux, switchmatrix, buffers, IC, pooling and activation units) readLatency is : 59528.7ns
----------- ADC (or S/As and precharger for SRAM) readDynamicEnergy is : 3.811e+06pJ
----------- Accumulation Circuits (subarray level: adders, shiftAdds; PE/Tile/Global level: accumulation units) readDynamicEnergy is : 247600pJ
----------- Other Peripheries (e.g. decoders, mux, switchmatrix, buffers, IC, pooling and activation units) readDynamicEnergy is : 1.95957e+06pJ

************************ Breakdown of Latency and Dynamic Energy *************************

-------------------- Estimation of Layer 5 ----------------------
layer5's readLatency is: 18106ns
layer5's readDynamicEnergy is: 2.39881e+06pJ
layer5's leakagePower is: 89.3341uW
layer5's leakageEnergy is: 19380.9pJ
layer5's buffer latency is: 9247.89ns
layer5's buffer readDynamicEnergy is: 6941.4pJ
layer5's ic latency is: 4739.99ns
layer5's ic readDynamicEnergy is: 239246pJ

************************ Breakdown of Latency and Dynamic Energy *************************

----------- ADC (or S/As and precharger for SRAM) readLatency is : 3427.79ns
----------- Accumulation Circuits (subarray level: adders, shiftAdds; PE/Tile/Global level: accumulation units) readLatency is : 642.71ns
----------- Other Peripheries (e.g. decoders, mux, switchmatrix, buffers, IC, pooling and activation units) readLatency is : 14035.5ns
----------- ADC (or S/As and precharger for SRAM) readDynamicEnergy is : 1.57784e+06pJ
----------- Accumulation Circuits (subarray level: adders, shiftAdds; PE/Tile/Global level: accumulation units) readDynamicEnergy is : 90498.4pJ
----------- Other Peripheries (e.g. decoders, mux, switchmatrix, buffers, IC, pooling and activation units) readDynamicEnergy is : 730474pJ

************************ Breakdown of Latency and Dynamic Energy *************************

-------------------- Estimation of Layer 6 ----------------------
layer6's readLatency is: 28621.4ns
layer6's readDynamicEnergy is: 4.09688e+06pJ
layer6's leakagePower is: 89.0392uW
layer6's leakageEnergy is: 19316.9pJ
layer6's buffer latency is: 12901.8ns
layer6's buffer readDynamicEnergy is: 9302.75pJ
layer6's ic latency is: 7638.14ns
layer6's ic readDynamicEnergy is: 295674pJ

************************ Breakdown of Latency and Dynamic Energy *************************

----------- ADC (or S/As and precharger for SRAM) readLatency is : 6855.58ns
----------- Accumulation Circuits (subarray level: adders, shiftAdds; PE/Tile/Global level: accumulation units) readLatency is : 856.947ns
----------- Other Peripheries (e.g. decoders, mux, switchmatrix, buffers, IC, pooling and activation units) readLatency is : 20908.9ns
----------- ADC (or S/As and precharger for SRAM) readDynamicEnergy is : 2.67612e+06pJ
----------- Accumulation Circuits (subarray level: adders, shiftAdds; PE/Tile/Global level: accumulation units) readDynamicEnergy is : 181176pJ
----------- Other Peripheries (e.g. decoders, mux, switchmatrix, buffers, IC, pooling and activation units) readDynamicEnergy is : 1.23958e+06pJ

************************ Breakdown of Latency and Dynamic Energy *************************

-------------------- Estimation of Layer 7 ----------------------
layer7's readLatency is: 1849.28ns
layer7's readDynamicEnergy is: 351214pJ
layer7's leakagePower is: 210.315uW
layer7's leakageEnergy is: 45627.5pJ
layer7's buffer latency is: 1386.59ns
layer7's buffer readDynamicEnergy is: 1080.37pJ
layer7's ic latency is: 242.504ns
layer7's ic readDynamicEnergy is: 31529.9pJ

************************ Breakdown of Latency and Dynamic Energy *************************

----------- ADC (or S/As and precharger for SRAM) readLatency is : 190.433ns
----------- Accumulation Circuits (subarray level: adders, shiftAdds; PE/Tile/Global level: accumulation units) readLatency is : 26.7796ns
----------- Other Peripheries (e.g. decoders, mux, switchmatrix, buffers, IC, pooling and activation units) readLatency is : 1632.07ns
----------- ADC (or S/As and precharger for SRAM) readDynamicEnergy is : 211306pJ
----------- Accumulation Circuits (subarray level: adders, shiftAdds; PE/Tile/Global level: accumulation units) readDynamicEnergy is : 17991.8pJ
----------- Other Peripheries (e.g. decoders, mux, switchmatrix, buffers, IC, pooling and activation units) readDynamicEnergy is : 121916pJ

************************ Breakdown of Latency and Dynamic Energy *************************

-------------------- Estimation of Layer 8 ----------------------
layer8's readLatency is: 617.078ns
layer8's readDynamicEnergy is: 2594.18pJ
layer8's leakagePower is: 13.22uW
layer8's leakageEnergy is: 2868.05pJ
layer8's buffer latency is: 418.597ns
layer8's buffer readDynamicEnergy is: 26.7595pJ
layer8's ic latency is: 158.312ns
layer8's ic readDynamicEnergy is: 1017pJ

************************ Breakdown of Latency and Dynamic Energy *************************

----------- ADC (or S/As and precharger for SRAM) readLatency is : 23.8041ns
----------- Accumulation Circuits (subarray level: adders, shiftAdds; PE/Tile/Global level: accumulation units) readLatency is : 13.3898ns
----------- Other Peripheries (e.g. decoders, mux, switchmatrix, buffers, IC, pooling and activation units) readLatency is : 579.884ns
----------- ADC (or S/As and precharger for SRAM) readDynamicEnergy is : 650.681pJ
----------- Accumulation Circuits (subarray level: adders, shiftAdds; PE/Tile/Global level: accumulation units) readDynamicEnergy is : 168.628pJ
----------- Other Peripheries (e.g. decoders, mux, switchmatrix, buffers, IC, pooling and activation units) readDynamicEnergy is : 1774.87pJ

************************ Breakdown of Latency and Dynamic Energy *************************

------------------------------ Summary --------------------------------

ChipArea : 8.84888e+07um^2
Chip total CIM array : 1.86358e+06um^2
Total IC Area on chip (Global and Tile/PE local): 9.22326e+06um^2
Total ADC (or S/As and precharger for SRAM) Area on chip : 4.42123e+06um^2
Total Accumulation Circuits (subarray level: adders, shiftAdds; PE/Tile/Global level: accumulation units) on chip : 3.30009e+06um^2
Other Peripheries (e.g. decoders, mux, switchmatrix, buffers, pooling and activation units) : 1.66756e+07um^2

Chip clock period is: 2.97551ns
Chip pipeline-system-clock-cycle (per image) is: 216949ns
Chip pipeline-system readDynamicEnergy (per image) is: 2.6526e+07pJ
Chip pipeline-system leakage Energy (per image) is: 114324pJ
Chip pipeline-system leakage Power (per image) is: 526.962uW
Chip pipeline-system buffer readLatency (per image) is: 188212ns
Chip pipeline-system buffer readDynamicEnergy (per image) is: 101959pJ
Chip pipeline-system ic readLatency (per image) is: 28359.6ns
Chip pipeline-system ic readDynamicEnergy (per image) is: 3.66175e+06pJ

************************ Breakdown of Latency and Dynamic Energy *************************

----------- ADC (or S/As and precharger for SRAM) readLatency is : 10711.8ns
----------- Accumulation Circuits (subarray level: adders, shiftAdds; PE/Tile/Global level: accumulation units) readLatency is : 11678.9ns
----------- Other Peripheries (e.g. decoders, mux, switchmatrix, buffers, IC, pooling and activation units) readLatency is : 211258ns
----------- ADC (or S/As and precharger for SRAM) readDynamicEnergy is : 1.65851e+07pJ
----------- Accumulation Circuits (subarray level: adders, shiftAdds; PE/Tile/Global level: accumulation units) readDynamicEnergy is : 993388pJ
----------- Other Peripheries (e.g. decoders, mux, switchmatrix, buffers, IC, pooling and activation units) readDynamicEnergy is : 8.94752e+06pJ

************************ Breakdown of Latency and Dynamic Energy *************************


----------------------------- Performance -------------------------------
Energy Efficiency TOPS/W (Pipelined Process): 37.9012
Throughput TOPS (Pipelined Process): 5.67801
Throughput FPS (Pipelined Process): 4609.39
Compute efficiency TOPS/mm^2 (Pipelined Process): 0.0641664
-------------------------------------- Hardware Performance Done --------------------------------------

------------------------------ Simulation Performance --------------------------------
Total Run-time of NeuroSim: 33 seconds
------------------------------ Simulation Performance --------------------------------
quantize layer  Conv0_
quantize layer  Conv1_
quantize layer  Conv3_
quantize layer  Conv4_
quantize layer  Conv6_
quantize layer  Conv7_
quantize layer  FC0_
quantize layer  FC1_
=================FLAGS==================
dataset: cifar10
model: VGG8
mode: WAGE
batch_size: 200
epochs: 200
grad_scale: 8
seed: 117
log_interval: 100
test_interval: 1
logdir: /home/shaiv/DNN_NeuroSim_V1.4/Inference_pytorch/log/default/ADCprecision=6/batch_size=200/cellBit=2/dataset=cifar10/decreasing_lr=140,180/detect=0/grad_scale=8/inference=0/lr=0.01/mode=WAGE/model=VGG8/onoffratio=3.0/parallelRead=128/seed=117/subArray=128/t=0/target=0/v=0/vari=0.0/wl_activate=8/wl_error=8/wl_grad=8/wl_weight=2
lr: 0.01
decreasing_lr: 140,180
wl_weight: 2
wl_grad: 8
wl_activate: 8
wl_error: 8
inference: 0
subArray: 128
parallelRead: 128
ADCprecision: 6
cellBit: 2
onoffratio: 3.0
vari: 0.0
t: 0
v: 0
detect: 0
target: 0
========================================
Test set: Average loss: 1.6003, Accuracy: 8928/10000 (89%)
