/home/shaiv/DNN_NeuroSim_V1.4/Inference_pytorch/log/default/ADCprecision=6/batch_size=200/cellBit=2/dataset=cifar10/decreasing_lr=140,180/detect=0/grad_scale=8/inference=0/lr=0.01/mode=WAGE/model=VGG8/onoffratio=403.0/parallelRead=64/seed=117/subArray=64/t=0/target=0/v=0/vari=0.0/wl_activate=8/wl_error=8/wl_grad=8/wl_weight=2
Building CIFAR-10 data loader with 1 workers
fan_in     27, float_limit 0.333333, float std 0.272166, quant limit 0.5, scale 2.0
fan_in   1152, float_limit 0.051031, float std 0.041667, quant limit 0.5, scale 16.0
fan_in   1152, float_limit 0.051031, float std 0.041667, quant limit 0.5, scale 16.0
fan_in   2304, float_limit 0.036084, float std 0.029463, quant limit 0.5, scale 16.0
fan_in   2304, float_limit 0.036084, float std 0.029463, quant limit 0.5, scale 16.0
fan_in   4608, float_limit 0.025516, float std 0.020833, quant limit 0.5, scale 32.0
fan_in   8192, float_limit 0.019137, float std 0.015625, quant limit 0.5, scale 32.0
fan_in   1024, float_limit 0.054127, float std 0.044194, quant limit 0.5, scale 16.0
User assigned speed-up degree is larger than the upper bound (where no idle period during the whole process) 
The speed-up degree is auto-assigned as the upper bound (where no idle period during the whole process) 
------------------------------ FloorPlan --------------------------------

Tile and PE size are optimized to maximize memory utilization ( = memory mapped by synapse / total memory on chip)

Desired Conventional Mapped Tile Storage Size: 512x512
Desired Conventional PE Storage Size: 256x256
Desired Novel Mapped Tile Storage Size: 9x256x256
User-defined SubArray Size: 64x128

----------------- # of tile used for each layer -----------------
layer1: 1
layer2: 8
layer3: 4
layer4: 8
layer5: 4
layer6: 8
layer7: 64
layer8: 2

----------------- Speed-up of each layer ------------------
layer1: 16
layer2: 16
layer3: 4
layer4: 4
layer5: 1
layer6: 1
layer7: 1
layer8: 4

----------------- Utilization of each layer ------------------
layer1: 0.421875
layer2: 1
layer3: 1
layer4: 1
layer5: 1
layer6: 1
layer7: 1
layer8: 0.15625
Memory Utilization of Whole Chip: 97.7115 % 

---------------------------- FloorPlan Done ------------------------------



clkPeriod: 2.19468e-09
-------------------------------------- Hardware Performance --------------------------------------
-------------------- Estimation of Layer 1 ----------------------
layer1's readLatency is: 188803ns
layer1's readDynamicEnergy is: 875395pJ
layer1's leakagePower is: 0uW
layer1's leakageEnergy is: 0pJ
layer1's buffer latency is: 145592ns
layer1's buffer readDynamicEnergy is: 6459.41pJ
layer1's ic latency is: 34376.8ns
layer1's ic readDynamicEnergy is: 400682pJ

************************ Breakdown of Latency and Dynamic Energy *************************

----------- ADC (or S/As and precharger for SRAM) readLatency is : 7900.86ns
----------- Accumulation Circuits (subarray level: adders, shiftAdds; PE/Tile/Global level: accumulation units) readLatency is : 493.804ns
----------- Other Peripheries (e.g. decoders, mux, switchmatrix, buffers, IC, pooling and activation units) readLatency is : 180408ns
----------- ADC (or S/As and precharger for SRAM) readDynamicEnergy is : 392849pJ
----------- Accumulation Circuits (subarray level: adders, shiftAdds; PE/Tile/Global level: accumulation units) readDynamicEnergy is : 29455.7pJ
----------- Other Peripheries (e.g. decoders, mux, switchmatrix, buffers, IC, pooling and activation units) readDynamicEnergy is : 453090pJ

************************ Breakdown of Latency and Dynamic Energy *************************

-------------------- Estimation of Layer 2 ----------------------
layer2's readLatency is: 127697ns
layer2's readDynamicEnergy is: 9.56988e+06pJ
layer2's leakagePower is: 58.364uW
layer2's leakageEnergy is: 11019.3pJ
layer2's buffer latency is: 90185.1ns
layer2's buffer readDynamicEnergy is: 43325.5pJ
layer2's ic latency is: 17375.3ns
layer2's ic readDynamicEnergy is: 1.42697e+06pJ

************************ Breakdown of Latency and Dynamic Energy *************************

----------- ADC (or S/As and precharger for SRAM) readLatency is : 7900.86ns
----------- Accumulation Circuits (subarray level: adders, shiftAdds; PE/Tile/Global level: accumulation units) readLatency is : 8833.6ns
----------- Other Peripheries (e.g. decoders, mux, switchmatrix, buffers, IC, pooling and activation units) readLatency is : 110962ns
----------- ADC (or S/As and precharger for SRAM) readDynamicEnergy is : 6.71418e+06pJ
----------- Accumulation Circuits (subarray level: adders, shiftAdds; PE/Tile/Global level: accumulation units) readDynamicEnergy is : 593885pJ
----------- Other Peripheries (e.g. decoders, mux, switchmatrix, buffers, IC, pooling and activation units) readDynamicEnergy is : 2.26181e+06pJ

************************ Breakdown of Latency and Dynamic Energy *************************

-------------------- Estimation of Layer 3 ----------------------
layer3's readLatency is: 42228.7ns
layer3's readDynamicEnergy is: 4.26548e+06pJ
layer3's leakagePower is: 69.9984uW
layer3's leakageEnergy is: 13215.9pJ
layer3's buffer latency is: 21043.9ns
layer3's buffer readDynamicEnergy is: 18836.1pJ
layer3's ic latency is: 11765.2ns
layer3's ic readDynamicEnergy is: 632106pJ

************************ Breakdown of Latency and Dynamic Energy *************************

----------- ADC (or S/As and precharger for SRAM) readLatency is : 6882.53ns
----------- Accumulation Circuits (subarray level: adders, shiftAdds; PE/Tile/Global level: accumulation units) readLatency is : 2343.92ns
----------- Other Peripheries (e.g. decoders, mux, switchmatrix, buffers, IC, pooling and activation units) readLatency is : 33002.2ns
----------- ADC (or S/As and precharger for SRAM) readDynamicEnergy is : 3.00935e+06pJ
----------- Accumulation Circuits (subarray level: adders, shiftAdds; PE/Tile/Global level: accumulation units) readDynamicEnergy is : 251084pJ
----------- Other Peripheries (e.g. decoders, mux, switchmatrix, buffers, IC, pooling and activation units) readDynamicEnergy is : 1.00505e+06pJ

************************ Breakdown of Latency and Dynamic Energy *************************

-------------------- Estimation of Layer 4 ----------------------
layer4's readLatency is: 49947.1ns
layer4's readDynamicEnergy is: 7.20588e+06pJ
layer4's leakagePower is: 143.883uW
layer4's leakageEnergy is: 27165.4pJ
layer4's buffer latency is: 30091.5ns
layer4's buffer readDynamicEnergy is: 25264.2pJ
layer4's ic latency is: 9145.49ns
layer4's ic readDynamicEnergy is: 727211pJ

************************ Breakdown of Latency and Dynamic Energy *************************

----------- ADC (or S/As and precharger for SRAM) readLatency is : 6882.53ns
----------- Accumulation Circuits (subarray level: adders, shiftAdds; PE/Tile/Global level: accumulation units) readLatency is : 2343.92ns
----------- Other Peripheries (e.g. decoders, mux, switchmatrix, buffers, IC, pooling and activation units) readLatency is : 40720.6ns
----------- ADC (or S/As and precharger for SRAM) readDynamicEnergy is : 5.31603e+06pJ
----------- Accumulation Circuits (subarray level: adders, shiftAdds; PE/Tile/Global level: accumulation units) readDynamicEnergy is : 508425pJ
----------- Other Peripheries (e.g. decoders, mux, switchmatrix, buffers, IC, pooling and activation units) readDynamicEnergy is : 1.38142e+06pJ

************************ Breakdown of Latency and Dynamic Energy *************************

-------------------- Estimation of Layer 5 ----------------------
layer5's readLatency is: 17977.5ns
layer5's readDynamicEnergy is: 2.79338e+06pJ
layer5's leakagePower is: 88.5048uW
layer5's leakageEnergy is: 16709.9pJ
layer5's buffer latency is: 6431.3ns
layer5's buffer readDynamicEnergy is: 9272.22pJ
layer5's ic latency is: 5787.38ns
layer5's ic readDynamicEnergy is: 271026pJ

************************ Breakdown of Latency and Dynamic Energy *************************

----------- ADC (or S/As and precharger for SRAM) readLatency is : 5056.55ns
----------- Accumulation Circuits (subarray level: adders, shiftAdds; PE/Tile/Global level: accumulation units) readLatency is : 632.069ns
----------- Other Peripheries (e.g. decoders, mux, switchmatrix, buffers, IC, pooling and activation units) readLatency is : 12288.9ns
----------- ADC (or S/As and precharger for SRAM) readDynamicEnergy is : 2.08411e+06pJ
----------- Accumulation Circuits (subarray level: adders, shiftAdds; PE/Tile/Global level: accumulation units) readDynamicEnergy is : 185378pJ
----------- Other Peripheries (e.g. decoders, mux, switchmatrix, buffers, IC, pooling and activation units) readDynamicEnergy is : 523894pJ

************************ Breakdown of Latency and Dynamic Energy *************************

-------------------- Estimation of Layer 6 ----------------------
layer6's readLatency is: 18146.5ns
layer6's readDynamicEnergy is: 5.09976e+06pJ
layer6's leakagePower is: 176.835uW
layer6's leakageEnergy is: 33386.8pJ
layer6's buffer latency is: 6641.99ns
layer6's buffer readDynamicEnergy is: 18187.6pJ
layer6's ic latency is: 5201.4ns
layer6's ic readDynamicEnergy is: 451339pJ

************************ Breakdown of Latency and Dynamic Energy *************************

----------- ADC (or S/As and precharger for SRAM) readLatency is : 5056.55ns
----------- Accumulation Circuits (subarray level: adders, shiftAdds; PE/Tile/Global level: accumulation units) readLatency is : 702.299ns
----------- Other Peripheries (e.g. decoders, mux, switchmatrix, buffers, IC, pooling and activation units) readLatency is : 12387.7ns
----------- ADC (or S/As and precharger for SRAM) readDynamicEnergy is : 3.8058e+06pJ
----------- Accumulation Circuits (subarray level: adders, shiftAdds; PE/Tile/Global level: accumulation units) readDynamicEnergy is : 371209pJ
----------- Other Peripheries (e.g. decoders, mux, switchmatrix, buffers, IC, pooling and activation units) readDynamicEnergy is : 922747pJ

************************ Breakdown of Latency and Dynamic Energy *************************

-------------------- Estimation of Layer 7 ----------------------
layer7's readLatency is: 1064.42ns
layer7's readDynamicEnergy is: 437110pJ
layer7's leakagePower is: 441.132uW
layer7's leakageEnergy is: 83286.9pJ
layer7's buffer latency is: 726.44ns
layer7's buffer readDynamicEnergy is: 2089.41pJ
layer7's ic latency is: 171.185ns
layer7's ic readDynamicEnergy is: 48169.1pJ

************************ Breakdown of Latency and Dynamic Energy *************************

----------- ADC (or S/As and precharger for SRAM) readLatency is : 140.46ns
----------- Accumulation Circuits (subarray level: adders, shiftAdds; PE/Tile/Global level: accumulation units) readLatency is : 21.9468ns
----------- Other Peripheries (e.g. decoders, mux, switchmatrix, buffers, IC, pooling and activation units) readLatency is : 902.015ns
----------- ADC (or S/As and precharger for SRAM) readDynamicEnergy is : 308234pJ
----------- Accumulation Circuits (subarray level: adders, shiftAdds; PE/Tile/Global level: accumulation units) readDynamicEnergy is : 36855.2pJ
----------- Other Peripheries (e.g. decoders, mux, switchmatrix, buffers, IC, pooling and activation units) readDynamicEnergy is : 92020.7pJ

************************ Breakdown of Latency and Dynamic Energy *************************

-------------------- Estimation of Layer 8 ----------------------
layer8's readLatency is: 468.721ns
layer8's readDynamicEnergy is: 2489.33pJ
layer8's leakagePower is: 13.8291uW
layer8's leakageEnergy is: 2610.97pJ
layer8's buffer latency is: 309.847ns
layer8's buffer readDynamicEnergy is: 26.9223pJ
layer8's ic latency is: 108.397ns
layer8's ic readDynamicEnergy is: 1164.02pJ

************************ Breakdown of Latency and Dynamic Energy *************************

----------- ADC (or S/As and precharger for SRAM) readLatency is : 35.1149ns
----------- Accumulation Circuits (subarray level: adders, shiftAdds; PE/Tile/Global level: accumulation units) readLatency is : 13.1681ns
----------- Other Peripheries (e.g. decoders, mux, switchmatrix, buffers, IC, pooling and activation units) readLatency is : 420.438ns
----------- ADC (or S/As and precharger for SRAM) readDynamicEnergy is : 618.692pJ
----------- Accumulation Circuits (subarray level: adders, shiftAdds; PE/Tile/Global level: accumulation units) readDynamicEnergy is : 326.521pJ
----------- Other Peripheries (e.g. decoders, mux, switchmatrix, buffers, IC, pooling and activation units) readDynamicEnergy is : 1544.12pJ

************************ Breakdown of Latency and Dynamic Energy *************************

------------------------------ Summary --------------------------------

ChipArea : 2.06796e+08um^2
Chip total CIM array : 952344um^2
Total IC Area on chip (Global and Tile/PE local): 1.28729e+07um^2
Total ADC (or S/As and precharger for SRAM) Area on chip : 7.87537e+06um^2
Total Accumulation Circuits (subarray level: adders, shiftAdds; PE/Tile/Global level: accumulation units) on chip : 5.45395e+06um^2
Other Peripheries (e.g. decoders, mux, switchmatrix, buffers, pooling and activation units) : 1.93095e+07um^2

Chip clock period is: 2.19468ns
Chip pipeline-system-clock-cycle (per image) is: 188803ns
Chip pipeline-system readDynamicEnergy (per image) is: 3.02494e+07pJ
Chip pipeline-system leakage Energy (per image) is: 187395pJ
Chip pipeline-system leakage Power (per image) is: 992.546uW
Chip pipeline-system buffer readLatency (per image) is: 145592ns
Chip pipeline-system buffer readDynamicEnergy (per image) is: 123461pJ
Chip pipeline-system ic readLatency (per image) is: 34376.8ns
Chip pipeline-system ic readDynamicEnergy (per image) is: 3.95866e+06pJ

************************ Breakdown of Latency and Dynamic Energy *************************

----------- ADC (or S/As and precharger for SRAM) readLatency is : 7900.86ns
----------- Accumulation Circuits (subarray level: adders, shiftAdds; PE/Tile/Global level: accumulation units) readLatency is : 8833.6ns
----------- Other Peripheries (e.g. decoders, mux, switchmatrix, buffers, IC, pooling and activation units) readLatency is : 180408ns
----------- ADC (or S/As and precharger for SRAM) readDynamicEnergy is : 2.16312e+07pJ
----------- Accumulation Circuits (subarray level: adders, shiftAdds; PE/Tile/Global level: accumulation units) readDynamicEnergy is : 1.97662e+06pJ
----------- Other Peripheries (e.g. decoders, mux, switchmatrix, buffers, IC, pooling and activation units) readDynamicEnergy is : 6.64158e+06pJ

************************ Breakdown of Latency and Dynamic Energy *************************


----------------------------- Performance -------------------------------
Energy Efficiency TOPS/W (Pipelined Process): 33.1737
Throughput TOPS (Pipelined Process): 6.52446
Throughput FPS (Pipelined Process): 5296.54
Compute efficiency TOPS/mm^2 (Pipelined Process): 0.0315502
-------------------------------------- Hardware Performance Done --------------------------------------

------------------------------ Simulation Performance --------------------------------
Total Run-time of NeuroSim: 36 seconds
------------------------------ Simulation Performance --------------------------------
quantize layer  Conv0_
quantize layer  Conv1_
quantize layer  Conv3_
quantize layer  Conv4_
quantize layer  Conv6_
quantize layer  Conv7_
quantize layer  FC0_
quantize layer  FC1_
=================FLAGS==================
dataset: cifar10
model: VGG8
mode: WAGE
batch_size: 200
epochs: 200
grad_scale: 8
seed: 117
log_interval: 100
test_interval: 1
logdir: /home/shaiv/DNN_NeuroSim_V1.4/Inference_pytorch/log/default/ADCprecision=6/batch_size=200/cellBit=2/dataset=cifar10/decreasing_lr=140,180/detect=0/grad_scale=8/inference=0/lr=0.01/mode=WAGE/model=VGG8/onoffratio=403.0/parallelRead=64/seed=117/subArray=64/t=0/target=0/v=0/vari=0.0/wl_activate=8/wl_error=8/wl_grad=8/wl_weight=2
lr: 0.01
decreasing_lr: 140,180
wl_weight: 2
wl_grad: 8
wl_activate: 8
wl_error: 8
inference: 0
subArray: 64
parallelRead: 64
ADCprecision: 6
cellBit: 2
onoffratio: 403.0
vari: 0.0
t: 0
v: 0
detect: 0
target: 0
========================================
Test set: Average loss: 1.6003, Accuracy: 8928/10000 (89%)
