/home/shaiv/DNN_NeuroSim_V1.4/Inference_pytorch/log/default/ADCprecision=6/batch_size=200/cellBit=2/dataset=cifar10/decreasing_lr=140,180/detect=0/grad_scale=8/inference=0/lr=0.01/mode=WAGE/model=VGG8/onoffratio=10/parallelRead=128/seed=117/subArray=128/t=0/target=0/v=0/vari=0.0/wl_activate=8/wl_error=8/wl_grad=8/wl_weight=2
Building CIFAR-10 data loader with 1 workers
fan_in     27, float_limit 0.333333, float std 0.272166, quant limit 0.5, scale 2.0
fan_in   1152, float_limit 0.051031, float std 0.041667, quant limit 0.5, scale 16.0
fan_in   1152, float_limit 0.051031, float std 0.041667, quant limit 0.5, scale 16.0
fan_in   2304, float_limit 0.036084, float std 0.029463, quant limit 0.5, scale 16.0
fan_in   2304, float_limit 0.036084, float std 0.029463, quant limit 0.5, scale 16.0
fan_in   4608, float_limit 0.025516, float std 0.020833, quant limit 0.5, scale 32.0
fan_in   8192, float_limit 0.019137, float std 0.015625, quant limit 0.5, scale 32.0
fan_in   1024, float_limit 0.054127, float std 0.044194, quant limit 0.5, scale 16.0
User assigned speed-up degree is larger than the upper bound (where no idle period during the whole process) 
The speed-up degree is auto-assigned as the upper bound (where no idle period during the whole process) 
------------------------------ FloorPlan --------------------------------

Tile and PE size are optimized to maximize memory utilization ( = memory mapped by synapse / total memory on chip)

Desired Conventional Mapped Tile Storage Size: 1024x1024
Desired Conventional PE Storage Size: 512x512
Desired Novel Mapped Tile Storage Size: 9x512x512
User-defined SubArray Size: 128x128

----------------- # of tile used for each layer -----------------
layer1: 1
layer2: 2
layer3: 1
layer4: 2
layer5: 2
layer6: 2
layer7: 16
layer8: 1

----------------- Speed-up of each layer ------------------
layer1: 32
layer2: 16
layer3: 4
layer4: 4
layer5: 2
layer6: 1
layer7: 1
layer8: 8

----------------- Utilization of each layer ------------------
layer1: 0.210938
layer2: 1
layer3: 1
layer4: 1
layer5: 1
layer6: 1
layer7: 1
layer8: 0.15625
Memory Utilization of Whole Chip: 93.9525 % 

---------------------------- FloorPlan Done ------------------------------



clkPeriod: 2.04748e-09
-------------------------------------- Hardware Performance --------------------------------------
-------------------- Estimation of Layer 1 ----------------------
layer1's readLatency is: 149285ns
layer1's readDynamicEnergy is: 593055pJ
layer1's leakagePower is: 3.43146uW
layer1's leakageEnergy is: 512.265pJ
layer1's buffer latency is: 129510ns
layer1's buffer readDynamicEnergy is: 6539.96pJ
layer1's ic latency is: 15653.7ns
layer1's ic readDynamicEnergy is: 178280pJ

************************ Breakdown of Latency and Dynamic Energy *************************

----------- ADC (or S/As and precharger for SRAM) readLatency is : 3685.47ns
----------- Accumulation Circuits (subarray level: adders, shiftAdds; PE/Tile/Global level: accumulation units) readLatency is : 230.342ns
----------- Other Peripheries (e.g. decoders, mux, switchmatrix, buffers, IC, pooling and activation units) readLatency is : 145369ns
----------- ADC (or S/As and precharger for SRAM) readDynamicEnergy is : 347454pJ
----------- Accumulation Circuits (subarray level: adders, shiftAdds; PE/Tile/Global level: accumulation units) readDynamicEnergy is : 29455.7pJ
----------- Other Peripheries (e.g. decoders, mux, switchmatrix, buffers, IC, pooling and activation units) readDynamicEnergy is : 216145pJ

************************ Breakdown of Latency and Dynamic Energy *************************

-------------------- Estimation of Layer 2 ----------------------
layer2's readLatency is: 106648ns
layer2's readDynamicEnergy is: 4.70659e+06pJ
layer2's leakagePower is: 34.5888uW
layer2's leakageEnergy is: 5163.57pJ
layer2's buffer latency is: 70139ns
layer2's buffer readDynamicEnergy is: 43450pJ
layer2's ic latency is: 19514.5ns
layer2's ic readDynamicEnergy is: 786523pJ

************************ Breakdown of Latency and Dynamic Energy *************************

----------- ADC (or S/As and precharger for SRAM) readLatency is : 7370.93ns
----------- Accumulation Circuits (subarray level: adders, shiftAdds; PE/Tile/Global level: accumulation units) readLatency is : 8036.36ns
----------- Other Peripheries (e.g. decoders, mux, switchmatrix, buffers, IC, pooling and activation units) readLatency is : 91240.4ns
----------- ADC (or S/As and precharger for SRAM) readDynamicEnergy is : 3.27623e+06pJ
----------- Accumulation Circuits (subarray level: adders, shiftAdds; PE/Tile/Global level: accumulation units) readDynamicEnergy is : 303323pJ
----------- Other Peripheries (e.g. decoders, mux, switchmatrix, buffers, IC, pooling and activation units) readDynamicEnergy is : 1.12703e+06pJ

************************ Breakdown of Latency and Dynamic Energy *************************

-------------------- Estimation of Layer 3 ----------------------
layer3's readLatency is: 46321.2ns
layer3's readDynamicEnergy is: 2.04254e+06pJ
layer3's leakagePower is: 30.8399uW
layer3's leakageEnergy is: 4603.93pJ
layer3's buffer latency is: 26853.8ns
layer3's buffer readDynamicEnergy is: 15694.4pJ
layer3's ic latency is: 10949.9ns
layer3's ic readDynamicEnergy is: 312155pJ

************************ Breakdown of Latency and Dynamic Energy *************************

----------- ADC (or S/As and precharger for SRAM) readLatency is : 6420.9ns
----------- Accumulation Circuits (subarray level: adders, shiftAdds; PE/Tile/Global level: accumulation units) readLatency is : 2006.53ns
----------- Other Peripheries (e.g. decoders, mux, switchmatrix, buffers, IC, pooling and activation units) readLatency is : 37893.8ns
----------- ADC (or S/As and precharger for SRAM) readDynamicEnergy is : 1.45856e+06pJ
----------- Accumulation Circuits (subarray level: adders, shiftAdds; PE/Tile/Global level: accumulation units) readDynamicEnergy is : 123175pJ
----------- Other Peripheries (e.g. decoders, mux, switchmatrix, buffers, IC, pooling and activation units) readDynamicEnergy is : 460803pJ

************************ Breakdown of Latency and Dynamic Energy *************************

-------------------- Estimation of Layer 4 ----------------------
layer4's readLatency is: 49479.8ns
layer4's readDynamicEnergy is: 3.47943e+06pJ
layer4's leakagePower is: 61.9154uW
layer4's leakageEnergy is: 9243.02pJ
layer4's buffer latency is: 31769.8ns
layer4's buffer readDynamicEnergy is: 18922.9pJ
layer4's ic latency is: 8500.46ns
layer4's ic readDynamicEnergy is: 342574pJ

************************ Breakdown of Latency and Dynamic Energy *************************

----------- ADC (or S/As and precharger for SRAM) readLatency is : 6420.9ns
----------- Accumulation Circuits (subarray level: adders, shiftAdds; PE/Tile/Global level: accumulation units) readLatency is : 2096.62ns
----------- Other Peripheries (e.g. decoders, mux, switchmatrix, buffers, IC, pooling and activation units) readLatency is : 40962.3ns
----------- ADC (or S/As and precharger for SRAM) readDynamicEnergy is : 2.63525e+06pJ
----------- Accumulation Circuits (subarray level: adders, shiftAdds; PE/Tile/Global level: accumulation units) readDynamicEnergy is : 247600pJ
----------- Other Peripheries (e.g. decoders, mux, switchmatrix, buffers, IC, pooling and activation units) readDynamicEnergy is : 596580pJ

************************ Breakdown of Latency and Dynamic Energy *************************

-------------------- Estimation of Layer 5 ----------------------
layer5's readLatency is: 12458.9ns
layer5's readDynamicEnergy is: 1.33256e+06pJ
layer5's leakagePower is: 79.1541uW
layer5's leakageEnergy is: 11816.5pJ
layer5's buffer latency is: 6363.57ns
layer5's buffer readDynamicEnergy is: 6941.4pJ
layer5's ic latency is: 3261.64ns
layer5's ic readDynamicEnergy is: 124889pJ

************************ Breakdown of Latency and Dynamic Energy *************************

----------- ADC (or S/As and precharger for SRAM) readLatency is : 2358.7ns
----------- Accumulation Circuits (subarray level: adders, shiftAdds; PE/Tile/Global level: accumulation units) readLatency is : 442.256ns
----------- Other Peripheries (e.g. decoders, mux, switchmatrix, buffers, IC, pooling and activation units) readLatency is : 9657.97ns
----------- ADC (or S/As and precharger for SRAM) readDynamicEnergy is : 1.01906e+06pJ
----------- Accumulation Circuits (subarray level: adders, shiftAdds; PE/Tile/Global level: accumulation units) readDynamicEnergy is : 90498.4pJ
----------- Other Peripheries (e.g. decoders, mux, switchmatrix, buffers, IC, pooling and activation units) readDynamicEnergy is : 223004pJ

************************ Breakdown of Latency and Dynamic Energy *************************

-------------------- Estimation of Layer 6 ----------------------
layer6's readLatency is: 19694.7ns
layer6's readDynamicEnergy is: 2.40034e+06pJ
layer6's leakagePower is: 80.2141uW
layer6's leakageEnergy is: 11974.7pJ
layer6's buffer latency is: 8877.88ns
layer6's buffer readDynamicEnergy is: 9302.75pJ
layer6's ic latency is: 5255.88ns
layer6's ic readDynamicEnergy is: 146283pJ

************************ Breakdown of Latency and Dynamic Energy *************************

----------- ADC (or S/As and precharger for SRAM) readLatency is : 4717.4ns
----------- Accumulation Circuits (subarray level: adders, shiftAdds; PE/Tile/Global level: accumulation units) readLatency is : 589.675ns
----------- Other Peripheries (e.g. decoders, mux, switchmatrix, buffers, IC, pooling and activation units) readLatency is : 14387.6ns
----------- ADC (or S/As and precharger for SRAM) readDynamicEnergy is : 1.89442e+06pJ
----------- Accumulation Circuits (subarray level: adders, shiftAdds; PE/Tile/Global level: accumulation units) readDynamicEnergy is : 181176pJ
----------- Other Peripheries (e.g. decoders, mux, switchmatrix, buffers, IC, pooling and activation units) readDynamicEnergy is : 324745pJ

************************ Breakdown of Latency and Dynamic Energy *************************

-------------------- Estimation of Layer 7 ----------------------
layer7's readLatency is: 1272.51ns
layer7's readDynamicEnergy is: 212646pJ
layer7's leakagePower is: 244.812uW
layer7's leakageEnergy is: 36546.7pJ
layer7's buffer latency is: 954.126ns
layer7's buffer readDynamicEnergy is: 1080.37pJ
layer7's ic latency is: 166.87ns
layer7's ic readDynamicEnergy is: 15438.7pJ

************************ Breakdown of Latency and Dynamic Energy *************************

----------- ADC (or S/As and precharger for SRAM) readLatency is : 131.039ns
----------- Accumulation Circuits (subarray level: adders, shiftAdds; PE/Tile/Global level: accumulation units) readLatency is : 18.4273ns
----------- Other Peripheries (e.g. decoders, mux, switchmatrix, buffers, IC, pooling and activation units) readLatency is : 1123.04ns
----------- ADC (or S/As and precharger for SRAM) readDynamicEnergy is : 162589pJ
----------- Accumulation Circuits (subarray level: adders, shiftAdds; PE/Tile/Global level: accumulation units) readDynamicEnergy is : 17991.8pJ
----------- Other Peripheries (e.g. decoders, mux, switchmatrix, buffers, IC, pooling and activation units) readDynamicEnergy is : 32065.4pJ

************************ Breakdown of Latency and Dynamic Energy *************************

-------------------- Estimation of Layer 8 ----------------------
layer8's readLatency is: 424.618ns
layer8's readDynamicEnergy is: 1081.17pJ
layer8's leakagePower is: 15.3688uW
layer8's leakageEnergy is: 2294.32pJ
layer8's buffer latency is: 288.041ns
layer8's buffer readDynamicEnergy is: 26.7595pJ
layer8's ic latency is: 108.936ns
layer8's ic readDynamicEnergy is: 454.298pJ

************************ Breakdown of Latency and Dynamic Energy *************************

----------- ADC (or S/As and precharger for SRAM) readLatency is : 16.3798ns
----------- Accumulation Circuits (subarray level: adders, shiftAdds; PE/Tile/Global level: accumulation units) readLatency is : 9.21366ns
----------- Other Peripheries (e.g. decoders, mux, switchmatrix, buffers, IC, pooling and activation units) readLatency is : 399.025ns
----------- ADC (or S/As and precharger for SRAM) readDynamicEnergy is : 289.232pJ
----------- Accumulation Circuits (subarray level: adders, shiftAdds; PE/Tile/Global level: accumulation units) readDynamicEnergy is : 168.628pJ
----------- Other Peripheries (e.g. decoders, mux, switchmatrix, buffers, IC, pooling and activation units) readDynamicEnergy is : 623.31pJ

************************ Breakdown of Latency and Dynamic Energy *************************

------------------------------ Summary --------------------------------

ChipArea : 2.39268e+07um^2
Chip total CIM array : 5.43544e+06um^2
Total IC Area on chip (Global and Tile/PE local): 4.49838e+06um^2
Total ADC (or S/As and precharger for SRAM) Area on chip : 5.46522e+06um^2
Total Accumulation Circuits (subarray level: adders, shiftAdds; PE/Tile/Global level: accumulation units) on chip : 3.41899e+06um^2
Other Peripheries (e.g. decoders, mux, switchmatrix, buffers, pooling and activation units) : 4.03644e+06um^2

Chip clock period is: 2.04748ns
Chip pipeline-system-clock-cycle (per image) is: 149285ns
Chip pipeline-system readDynamicEnergy (per image) is: 1.47682e+07pJ
Chip pipeline-system leakage Energy (per image) is: 82155.1pJ
Chip pipeline-system leakage Power (per image) is: 550.325uW
Chip pipeline-system buffer readLatency (per image) is: 129510ns
Chip pipeline-system buffer readDynamicEnergy (per image) is: 101959pJ
Chip pipeline-system ic readLatency (per image) is: 19514.5ns
Chip pipeline-system ic readDynamicEnergy (per image) is: 1.9066e+06pJ

************************ Breakdown of Latency and Dynamic Energy *************************

----------- ADC (or S/As and precharger for SRAM) readLatency is : 7370.93ns
----------- Accumulation Circuits (subarray level: adders, shiftAdds; PE/Tile/Global level: accumulation units) readLatency is : 8036.36ns
----------- Other Peripheries (e.g. decoders, mux, switchmatrix, buffers, IC, pooling and activation units) readLatency is : 145369ns
----------- ADC (or S/As and precharger for SRAM) readDynamicEnergy is : 1.07938e+07pJ
----------- Accumulation Circuits (subarray level: adders, shiftAdds; PE/Tile/Global level: accumulation units) readDynamicEnergy is : 993388pJ
----------- Other Peripheries (e.g. decoders, mux, switchmatrix, buffers, IC, pooling and activation units) readDynamicEnergy is : 2.981e+06pJ

************************ Breakdown of Latency and Dynamic Energy *************************


----------------------------- Performance -------------------------------
Energy Efficiency TOPS/W (Pipelined Process): 67.9916
Throughput TOPS (Pipelined Process): 8.25159
Throughput FPS (Pipelined Process): 6698.61
Compute efficiency TOPS/mm^2 (Pipelined Process): 0.344869
-------------------------------------- Hardware Performance Done --------------------------------------

------------------------------ Simulation Performance --------------------------------
Total Run-time of NeuroSim: 23 seconds
------------------------------ Simulation Performance --------------------------------
quantize layer  Conv0_
quantize layer  Conv1_
quantize layer  Conv3_
quantize layer  Conv4_
quantize layer  Conv6_
quantize layer  Conv7_
quantize layer  FC0_
quantize layer  FC1_
=================FLAGS==================
dataset: cifar10
model: VGG8
mode: WAGE
batch_size: 200
epochs: 200
grad_scale: 8
seed: 117
log_interval: 100
test_interval: 1
logdir: /home/shaiv/DNN_NeuroSim_V1.4/Inference_pytorch/log/default/ADCprecision=6/batch_size=200/cellBit=2/dataset=cifar10/decreasing_lr=140,180/detect=0/grad_scale=8/inference=0/lr=0.01/mode=WAGE/model=VGG8/onoffratio=10/parallelRead=128/seed=117/subArray=128/t=0/target=0/v=0/vari=0.0/wl_activate=8/wl_error=8/wl_grad=8/wl_weight=2
lr: 0.01
decreasing_lr: 140,180
wl_weight: 2
wl_grad: 8
wl_activate: 8
wl_error: 8
inference: 0
subArray: 128
parallelRead: 128
ADCprecision: 6
cellBit: 2
onoffratio: 10
vari: 0.0
t: 0
v: 0
detect: 0
target: 0
========================================
Test set: Average loss: 1.6003, Accuracy: 8928/10000 (89%)
