/home/shaiv/DNN_NeuroSim_V1.4/Inference_pytorch/log/default/ADCprecision=6/batch_size=200/cellBit=2/dataset=cifar10/decreasing_lr=140,180/detect=0/grad_scale=8/inference=0/lr=0.01/mode=WAGE/model=VGG8/onoffratio=403.0/parallelRead=128/seed=117/subArray=128/t=0/target=0/v=0/vari=0.0/wl_activate=8/wl_error=8/wl_grad=8/wl_weight=2
Building CIFAR-10 data loader with 1 workers
fan_in     27, float_limit 0.333333, float std 0.272166, quant limit 0.5, scale 2.0
fan_in   1152, float_limit 0.051031, float std 0.041667, quant limit 0.5, scale 16.0
fan_in   1152, float_limit 0.051031, float std 0.041667, quant limit 0.5, scale 16.0
fan_in   2304, float_limit 0.036084, float std 0.029463, quant limit 0.5, scale 16.0
fan_in   2304, float_limit 0.036084, float std 0.029463, quant limit 0.5, scale 16.0
fan_in   4608, float_limit 0.025516, float std 0.020833, quant limit 0.5, scale 32.0
fan_in   8192, float_limit 0.019137, float std 0.015625, quant limit 0.5, scale 32.0
fan_in   1024, float_limit 0.054127, float std 0.044194, quant limit 0.5, scale 16.0
User assigned speed-up degree is larger than the upper bound (where no idle period during the whole process) 
The speed-up degree is auto-assigned as the upper bound (where no idle period during the whole process) 
------------------------------ FloorPlan --------------------------------

Tile and PE size are optimized to maximize memory utilization ( = memory mapped by synapse / total memory on chip)

Desired Conventional Mapped Tile Storage Size: 1024x1024
Desired Conventional PE Storage Size: 512x512
Desired Novel Mapped Tile Storage Size: 9x512x512
User-defined SubArray Size: 128x128

----------------- # of tile used for each layer -----------------
layer1: 1
layer2: 2
layer3: 1
layer4: 2
layer5: 2
layer6: 2
layer7: 16
layer8: 1

----------------- Speed-up of each layer ------------------
layer1: 32
layer2: 16
layer3: 4
layer4: 4
layer5: 2
layer6: 1
layer7: 1
layer8: 8

----------------- Utilization of each layer ------------------
layer1: 0.210938
layer2: 1
layer3: 1
layer4: 1
layer5: 1
layer6: 1
layer7: 1
layer8: 0.15625
Memory Utilization of Whole Chip: 93.9525 % 

---------------------------- FloorPlan Done ------------------------------



clkPeriod: 2.44376e-09
-------------------------------------- Hardware Performance --------------------------------------
-------------------- Estimation of Layer 1 ----------------------
layer1's readLatency is: 178178ns
layer1's readDynamicEnergy is: 962334pJ
layer1's leakagePower is: 0uW
layer1's leakageEnergy is: 0pJ
layer1's buffer latency is: 154577ns
layer1's buffer readDynamicEnergy is: 6539.96pJ
layer1's ic latency is: 18683.4ns
layer1's ic readDynamicEnergy is: 429167pJ

************************ Breakdown of Latency and Dynamic Energy *************************

----------- ADC (or S/As and precharger for SRAM) readLatency is : 4398.77ns
----------- Accumulation Circuits (subarray level: adders, shiftAdds; PE/Tile/Global level: accumulation units) readLatency is : 274.923ns
----------- Other Peripheries (e.g. decoders, mux, switchmatrix, buffers, IC, pooling and activation units) readLatency is : 173504ns
----------- ADC (or S/As and precharger for SRAM) readDynamicEnergy is : 415801pJ
----------- Accumulation Circuits (subarray level: adders, shiftAdds; PE/Tile/Global level: accumulation units) readDynamicEnergy is : 29455.7pJ
----------- Other Peripheries (e.g. decoders, mux, switchmatrix, buffers, IC, pooling and activation units) readDynamicEnergy is : 517077pJ

************************ Breakdown of Latency and Dynamic Energy *************************

-------------------- Estimation of Layer 2 ----------------------
layer2's readLatency is: 127289ns
layer2's readDynamicEnergy is: 7.0845e+06pJ
layer2's leakagePower is: 30.8172uW
layer2's leakageEnergy is: 5490.96pJ
layer2's buffer latency is: 83714.2ns
layer2's buffer readDynamicEnergy is: 43450pJ
layer2's ic latency is: 23291.5ns
layer2's ic readDynamicEnergy is: 1.84815e+06pJ

************************ Breakdown of Latency and Dynamic Energy *************************

----------- ADC (or S/As and precharger for SRAM) readLatency is : 8797.55ns
----------- Accumulation Circuits (subarray level: adders, shiftAdds; PE/Tile/Global level: accumulation units) readLatency is : 9591.77ns
----------- Other Peripheries (e.g. decoders, mux, switchmatrix, buffers, IC, pooling and activation units) readLatency is : 108900ns
----------- ADC (or S/As and precharger for SRAM) readDynamicEnergy is : 4.10153e+06pJ
----------- Accumulation Circuits (subarray level: adders, shiftAdds; PE/Tile/Global level: accumulation units) readDynamicEnergy is : 303323pJ
----------- Other Peripheries (e.g. decoders, mux, switchmatrix, buffers, IC, pooling and activation units) readDynamicEnergy is : 2.67965e+06pJ

************************ Breakdown of Latency and Dynamic Energy *************************

-------------------- Estimation of Layer 3 ----------------------
layer3's readLatency is: 55286.6ns
layer3's readDynamicEnergy is: 3.06908e+06pJ
layer3's leakagePower is: 37.2101uW
layer3's leakageEnergy is: 6630.02pJ
layer3's buffer latency is: 32051.2ns
layer3's buffer readDynamicEnergy is: 15694.4pJ
layer3's ic latency is: 13069.2ns
layer3's ic readDynamicEnergy is: 721812pJ

************************ Breakdown of Latency and Dynamic Energy *************************

----------- ADC (or S/As and precharger for SRAM) readLatency is : 7663.64ns
----------- Accumulation Circuits (subarray level: adders, shiftAdds; PE/Tile/Global level: accumulation units) readLatency is : 2394.89ns
----------- Other Peripheries (e.g. decoders, mux, switchmatrix, buffers, IC, pooling and activation units) readLatency is : 45228ns
----------- ADC (or S/As and precharger for SRAM) readDynamicEnergy is : 1.85581e+06pJ
----------- Accumulation Circuits (subarray level: adders, shiftAdds; PE/Tile/Global level: accumulation units) readDynamicEnergy is : 123175pJ
----------- Other Peripheries (e.g. decoders, mux, switchmatrix, buffers, IC, pooling and activation units) readDynamicEnergy is : 1.0901e+06pJ

************************ Breakdown of Latency and Dynamic Energy *************************

-------------------- Estimation of Layer 4 ----------------------
layer4's readLatency is: 59056.5ns
layer4's readDynamicEnergy is: 4.8322e+06pJ
layer4's leakagePower is: 73.7911uW
layer4's leakageEnergy is: 13148pJ
layer4's buffer latency is: 37918.7ns
layer4's buffer readDynamicEnergy is: 18922.9pJ
layer4's ic latency is: 10145.7ns
layer4's ic readDynamicEnergy is: 804974pJ

************************ Breakdown of Latency and Dynamic Energy *************************

----------- ADC (or S/As and precharger for SRAM) readLatency is : 7663.64ns
----------- Accumulation Circuits (subarray level: adders, shiftAdds; PE/Tile/Global level: accumulation units) readLatency is : 2502.41ns
----------- Other Peripheries (e.g. decoders, mux, switchmatrix, buffers, IC, pooling and activation units) readLatency is : 48890.4ns
----------- ADC (or S/As and precharger for SRAM) readDynamicEnergy is : 3.13478e+06pJ
----------- Accumulation Circuits (subarray level: adders, shiftAdds; PE/Tile/Global level: accumulation units) readDynamicEnergy is : 247600pJ
----------- Other Peripheries (e.g. decoders, mux, switchmatrix, buffers, IC, pooling and activation units) readDynamicEnergy is : 1.44982e+06pJ

************************ Breakdown of Latency and Dynamic Energy *************************

-------------------- Estimation of Layer 5 ----------------------
layer5's readLatency is: 14870.3ns
layer5's readDynamicEnergy is: 1.88008e+06pJ
layer5's leakagePower is: 101.163uW
layer5's leakageEnergy is: 18025pJ
layer5's buffer latency is: 7595.22ns
layer5's buffer readDynamicEnergy is: 6941.4pJ
layer5's ic latency is: 3892.92ns
layer5's ic readDynamicEnergy is: 293462pJ

************************ Breakdown of Latency and Dynamic Energy *************************

----------- ADC (or S/As and precharger for SRAM) readLatency is : 2815.22ns
----------- Accumulation Circuits (subarray level: adders, shiftAdds; PE/Tile/Global level: accumulation units) readLatency is : 527.853ns
----------- Other Peripheries (e.g. decoders, mux, switchmatrix, buffers, IC, pooling and activation units) readLatency is : 11527.2ns
----------- ADC (or S/As and precharger for SRAM) readDynamicEnergy is : 1.2467e+06pJ
----------- Accumulation Circuits (subarray level: adders, shiftAdds; PE/Tile/Global level: accumulation units) readDynamicEnergy is : 90498.4pJ
----------- Other Peripheries (e.g. decoders, mux, switchmatrix, buffers, IC, pooling and activation units) readDynamicEnergy is : 542888pJ

************************ Breakdown of Latency and Dynamic Energy *************************

-------------------- Estimation of Layer 6 ----------------------
layer6's readLatency is: 23506.6ns
layer6's readDynamicEnergy is: 3.22713e+06pJ
layer6's leakagePower is: 100.242uW
layer6's leakageEnergy is: 17861pJ
layer6's buffer latency is: 10596.2ns
layer6's buffer readDynamicEnergy is: 9302.75pJ
layer6's ic latency is: 6273.14ns
layer6's ic readDynamicEnergy is: 352318pJ

************************ Breakdown of Latency and Dynamic Energy *************************

----------- ADC (or S/As and precharger for SRAM) readLatency is : 5630.43ns
----------- Accumulation Circuits (subarray level: adders, shiftAdds; PE/Tile/Global level: accumulation units) readLatency is : 703.804ns
----------- Other Peripheries (e.g. decoders, mux, switchmatrix, buffers, IC, pooling and activation units) readLatency is : 17172.3ns
----------- ADC (or S/As and precharger for SRAM) readDynamicEnergy is : 2.23333e+06pJ
----------- Accumulation Circuits (subarray level: adders, shiftAdds; PE/Tile/Global level: accumulation units) readDynamicEnergy is : 181176pJ
----------- Other Peripheries (e.g. decoders, mux, switchmatrix, buffers, IC, pooling and activation units) readDynamicEnergy is : 812620pJ

************************ Breakdown of Latency and Dynamic Energy *************************

-------------------- Estimation of Layer 7 ----------------------
layer7's readLatency is: 1518.8ns
layer7's readDynamicEnergy is: 279354pJ
layer7's leakagePower is: 229.065uW
layer7's leakageEnergy is: 40814.3pJ
layer7's buffer latency is: 1138.79ns
layer7's buffer readDynamicEnergy is: 1080.37pJ
layer7's ic latency is: 199.167ns
layer7's ic readDynamicEnergy is: 37581.7pJ

************************ Breakdown of Latency and Dynamic Energy *************************

----------- ADC (or S/As and precharger for SRAM) readLatency is : 156.401ns
----------- Accumulation Circuits (subarray level: adders, shiftAdds; PE/Tile/Global level: accumulation units) readLatency is : 21.9939ns
----------- Other Peripheries (e.g. decoders, mux, switchmatrix, buffers, IC, pooling and activation units) readLatency is : 1340.4ns
----------- ADC (or S/As and precharger for SRAM) readDynamicEnergy is : 181157pJ
----------- Accumulation Circuits (subarray level: adders, shiftAdds; PE/Tile/Global level: accumulation units) readDynamicEnergy is : 17991.8pJ
----------- Other Peripheries (e.g. decoders, mux, switchmatrix, buffers, IC, pooling and activation units) readDynamicEnergy is : 80204.8pJ

************************ Breakdown of Latency and Dynamic Energy *************************

-------------------- Estimation of Layer 8 ----------------------
layer8's readLatency is: 506.801ns
layer8's readDynamicEnergy is: 2138.41pJ
layer8's leakagePower is: 14.3985uW
layer8's leakageEnergy is: 2565.51pJ
layer8's buffer latency is: 343.79ns
layer8's buffer readDynamicEnergy is: 26.7595pJ
layer8's ic latency is: 130.021ns
layer8's ic readDynamicEnergy is: 1153.76pJ

************************ Breakdown of Latency and Dynamic Energy *************************

----------- ADC (or S/As and precharger for SRAM) readLatency is : 19.5501ns
----------- Accumulation Circuits (subarray level: adders, shiftAdds; PE/Tile/Global level: accumulation units) readLatency is : 10.9969ns
----------- Other Peripheries (e.g. decoders, mux, switchmatrix, buffers, IC, pooling and activation units) readLatency is : 476.254ns
----------- ADC (or S/As and precharger for SRAM) readDynamicEnergy is : 431.291pJ
----------- Accumulation Circuits (subarray level: adders, shiftAdds; PE/Tile/Global level: accumulation units) readDynamicEnergy is : 168.628pJ
----------- Other Peripheries (e.g. decoders, mux, switchmatrix, buffers, IC, pooling and activation units) readDynamicEnergy is : 1538.49pJ

************************ Breakdown of Latency and Dynamic Energy *************************

------------------------------ Summary --------------------------------

ChipArea : 1.20409e+08um^2
Chip total CIM array : 931790um^2
Total IC Area on chip (Global and Tile/PE local): 1.08426e+07um^2
Total ADC (or S/As and precharger for SRAM) Area on chip : 4.04221e+06um^2
Total Accumulation Circuits (subarray level: adders, shiftAdds; PE/Tile/Global level: accumulation units) on chip : 3.19817e+06um^2
Other Peripheries (e.g. decoders, mux, switchmatrix, buffers, pooling and activation units) : 1.4695e+07um^2

Chip clock period is: 2.44376ns
Chip pipeline-system-clock-cycle (per image) is: 178178ns
Chip pipeline-system readDynamicEnergy (per image) is: 2.13368e+07pJ
Chip pipeline-system leakage Energy (per image) is: 104535pJ
Chip pipeline-system leakage Power (per image) is: 586.686uW
Chip pipeline-system buffer readLatency (per image) is: 154577ns
Chip pipeline-system buffer readDynamicEnergy (per image) is: 101959pJ
Chip pipeline-system ic readLatency (per image) is: 23291.5ns
Chip pipeline-system ic readDynamicEnergy (per image) is: 4.48862e+06pJ

************************ Breakdown of Latency and Dynamic Energy *************************

----------- ADC (or S/As and precharger for SRAM) readLatency is : 8797.55ns
----------- Accumulation Circuits (subarray level: adders, shiftAdds; PE/Tile/Global level: accumulation units) readLatency is : 9591.77ns
----------- Other Peripheries (e.g. decoders, mux, switchmatrix, buffers, IC, pooling and activation units) readLatency is : 173504ns
----------- ADC (or S/As and precharger for SRAM) readDynamicEnergy is : 1.31695e+07pJ
----------- Accumulation Circuits (subarray level: adders, shiftAdds; PE/Tile/Global level: accumulation units) readDynamicEnergy is : 993388pJ
----------- Other Peripheries (e.g. decoders, mux, switchmatrix, buffers, IC, pooling and activation units) readDynamicEnergy is : 7.1739e+06pJ

************************ Breakdown of Latency and Dynamic Energy *************************


----------------------------- Performance -------------------------------
Energy Efficiency TOPS/W (Pipelined Process): 47.0913
Throughput TOPS (Pipelined Process): 6.91351
Throughput FPS (Pipelined Process): 5612.36
Compute efficiency TOPS/mm^2 (Pipelined Process): 0.0574169
-------------------------------------- Hardware Performance Done --------------------------------------

------------------------------ Simulation Performance --------------------------------
Total Run-time of NeuroSim: 34 seconds
------------------------------ Simulation Performance --------------------------------
quantize layer  Conv0_
quantize layer  Conv1_
quantize layer  Conv3_
quantize layer  Conv4_
quantize layer  Conv6_
quantize layer  Conv7_
quantize layer  FC0_
quantize layer  FC1_
=================FLAGS==================
dataset: cifar10
model: VGG8
mode: WAGE
batch_size: 200
epochs: 200
grad_scale: 8
seed: 117
log_interval: 100
test_interval: 1
logdir: /home/shaiv/DNN_NeuroSim_V1.4/Inference_pytorch/log/default/ADCprecision=6/batch_size=200/cellBit=2/dataset=cifar10/decreasing_lr=140,180/detect=0/grad_scale=8/inference=0/lr=0.01/mode=WAGE/model=VGG8/onoffratio=403.0/parallelRead=128/seed=117/subArray=128/t=0/target=0/v=0/vari=0.0/wl_activate=8/wl_error=8/wl_grad=8/wl_weight=2
lr: 0.01
decreasing_lr: 140,180
wl_weight: 2
wl_grad: 8
wl_activate: 8
wl_error: 8
inference: 0
subArray: 128
parallelRead: 128
ADCprecision: 6
cellBit: 2
onoffratio: 403.0
vari: 0.0
t: 0
v: 0
detect: 0
target: 0
========================================
Test set: Average loss: 1.6003, Accuracy: 8928/10000 (89%)
