NeuroSim at /home/shaiv/DNN_NeuroSim_V1.4
memcelltype currently: 1

=== RRAM ===
  memcelltype 1 -> 2 (rram)
  resistanceOn 542.8 -> 6000.0
  rebuilding NeuroSIM ...
  $ /usr/bin/python3 inference.py --dataset cifar10 --model VGG8 --mode WAGE --cellBit 2 --subArray 32 --ADCprecision 6 --parallelRead 32 --wl_weight 2 --onoffratio 403
  Param.cpp restored

==============================================================================
NEUROSIM, SAME TOOL, SAME NETWORK, DIFFERENT CELL
==============================================================================
weight 2b, cell 2b -> 1 cell(s) per weight  [FP2: one cell, no shift-add tree]
------------------------------------------------------------------------------
metric                                      rram
------------------------------------------------------------------------------
chip area (mm2)                          342.512
  CIM array (mm2)                          0.837
  ADC / sense (mm2)                       13.509
  interconnect (mm2)                      25.011
  accumulation (mm2)                       9.946
  other periphery (mm2)                   26.102
latency/image (us)                        171.16
dynamic energy/img (uJ)                   47.266
leakage power (uW)                       1,739.4
  ADC energy (uJ)                         36.356
  accum energy (uJ)                        4.037
  other energy (uJ)                        6.873
TOPS                                        7.20
TOPS/W                                     21.23
TOPS/mm2                                  0.0210
FPS                                        5,843
accuracy (%)                                  89
1T1R tx width needed (F)                      --
------------------------------------------------------------------------------

Wrote cmp_b32.csv
