NeuroSim at /home/shaiv/DNN_NeuroSim_V1.4
memcelltype currently: 1

=== RRAM ===
  memcelltype 1 -> 2 (rram)
  resistanceOn 542.8 -> 6000.0
  rebuilding NeuroSIM ...
  $ /usr/bin/python3 inference.py --dataset cifar10 --model VGG8 --mode WAGE --cellBit 2 --subArray 64 --ADCprecision 6 --parallelRead 64 --wl_weight 2 --onoffratio 403
  Param.cpp restored

==============================================================================
NEUROSIM, SAME TOOL, SAME NETWORK, DIFFERENT CELL
==============================================================================
weight 2b, cell 2b -> 1 cell(s) per weight  [FP2: one cell, no shift-add tree]
------------------------------------------------------------------------------
metric                                      rram
------------------------------------------------------------------------------
chip area (mm2)                          206.796
  CIM array (mm2)                          0.952
  ADC / sense (mm2)                        7.875
  interconnect (mm2)                      12.873
  accumulation (mm2)                       5.454
  other periphery (mm2)                   19.309
latency/image (us)                        188.80
dynamic energy/img (uJ)                   30.249
leakage power (uW)                         992.5
  ADC energy (uJ)                         21.631
  accum energy (uJ)                        1.977
  other energy (uJ)                        6.642
TOPS                                        6.52
TOPS/W                                     33.17
TOPS/mm2                                  0.0316
FPS                                        5,297
accuracy (%)                                  89
1T1R tx width needed (F)                      --
------------------------------------------------------------------------------

Wrote cmp_b64.csv
