NeuroSim at /home/shaiv/DNN_NeuroSim_V1.4
memcelltype currently: 1

=== RRAM ===
  memcelltype 1 -> 2 (rram)
  resistanceOn 542.8 -> 3000.0
  resistanceOff 218587.2 -> 9000.0
  widthInFeatureSize1T1R 12 -> 24.0
  NOTE: this is the honest cell size for R_LRS=542.8. Compare it against CELL_AREA_F2=40 in hw_model.py.
  rebuilding NeuroSIM ...
  $ /usr/bin/python3 inference.py --dataset cifar10 --model VGG8 --mode WAGE --cellBit 2 --subArray 128 --ADCprecision 6 --parallelRead 128 --wl_weight 2 --onoffratio 3.0
  Param.cpp restored

==============================================================================
NEUROSIM, SAME TOOL, SAME NETWORK, DIFFERENT CELL
==============================================================================
weight 2b, cell 2b -> 1 cell(s) per weight  [FP2: one cell, no shift-add tree]
------------------------------------------------------------------------------
metric                                      rram
------------------------------------------------------------------------------
chip area (mm2)                           88.489
  CIM array (mm2)                          1.864
  ADC / sense (mm2)                        4.421
  interconnect (mm2)                       9.223
  accumulation (mm2)                       3.300
  other periphery (mm2)                   16.676
latency/image (us)                        216.95
dynamic energy/img (uJ)                   26.526
leakage power (uW)                         527.0
  ADC energy (uJ)                         16.585
  accum energy (uJ)                        0.993
  other energy (uJ)                        8.948
TOPS                                        5.68
TOPS/W                                     37.90
TOPS/mm2                                  0.0642
FPS                                        4,609
accuracy (%)                                  89
1T1R tx width needed (F)                      --
------------------------------------------------------------------------------

Wrote cmp_mram.csv
