NeuroSim at /home/shaiv/DNN_NeuroSim_V1.4
memcelltype currently: 1

=== RRAM ===
  memcelltype 1 -> 2 (rram)
  resistanceOn 542.8 -> 6000.0
  rebuilding NeuroSIM ...
  $ /usr/bin/python3 inference.py --dataset cifar10 --model VGG8 --mode WAGE --cellBit 2 --subArray 128 --ADCprecision 6 --parallelRead 128 --wl_weight 2 --onoffratio 403
  Param.cpp restored

==============================================================================
NEUROSIM, SAME TOOL, SAME NETWORK, DIFFERENT CELL
==============================================================================
weight 2b, cell 2b -> 1 cell(s) per weight  [FP2: one cell, no shift-add tree]
------------------------------------------------------------------------------
metric                                      rram
------------------------------------------------------------------------------
chip area (mm2)                          120.409
  CIM array (mm2)                          0.932
  ADC / sense (mm2)                        4.042
  interconnect (mm2)                      10.843
  accumulation (mm2)                       3.198
  other periphery (mm2)                   14.695
latency/image (us)                        178.18
dynamic energy/img (uJ)                   21.337
leakage power (uW)                         586.7
  ADC energy (uJ)                         13.169
  accum energy (uJ)                        0.993
  other energy (uJ)                        7.174
TOPS                                        6.91
TOPS/W                                     47.09
TOPS/mm2                                  0.0574
FPS                                        5,612
accuracy (%)                                  89
1T1R tx width needed (F)                      --
------------------------------------------------------------------------------

Wrote cmp_b128.csv
