NeuroSim at /home/shaiv/DNN_NeuroSim_V1.4
memcelltype currently: 1

=== RRAM ===
  memcelltype 1 -> 2 (rram)
  resistanceOn 542.8 -> 100000.0
  rebuilding NeuroSIM ...
  $ /usr/bin/python3 inference.py --dataset cifar10 --model VGG8 --mode WAGE --cellBit 2 --subArray 128 --ADCprecision 6 --parallelRead 128 --wl_weight 2 --onoffratio 403
  Param.cpp restored

==============================================================================
NEUROSIM, SAME TOOL, SAME NETWORK, DIFFERENT CELL
==============================================================================
weight 2b, cell 2b -> 1 cell(s) per weight  [FP2: one cell, no shift-add tree]
------------------------------------------------------------------------------
metric                                      rram
------------------------------------------------------------------------------
chip area (mm2)                          107.590
  CIM array (mm2)                          0.932
  ADC / sense (mm2)                        4.042
  interconnect (mm2)                      10.222
  accumulation (mm2)                       3.198
  other periphery (mm2)                   13.227
latency/image (us)                        147.54
dynamic energy/img (uJ)                   15.608
leakage power (uW)                         564.0
  ADC energy (uJ)                          9.160
  accum energy (uJ)                        0.993
  other energy (uJ)                        5.455
TOPS                                        8.35
TOPS/W                                     64.35
TOPS/mm2                                  0.0776
FPS                                        6,778
accuracy (%)                                  89
1T1R tx width needed (F)                      --
------------------------------------------------------------------------------

Wrote rlrs_ns_100000.csv
