=== R_sense = 20 ohm ===
dataset: cifar10 (10 classes)
device: cuda
  NVIDIA GeForce RTX 4070 Laptop GPU

--- qat_b128.pth  block=tile_m=128 ---
  10000 test images
  19 conv layers in 'ideal' mode, 6-bit ADC, ['conv1'] kept full precision
  FP2 digital-exact (baseline)          :  92.81%  (11s)
  19 conv layers in 'analog' mode, 6-bit ADC, ['conv1'] kept full precision
  ANALOG raw readout                    :  11.61%  (42s)
  19 conv layers in 'corrected' mode, 6-bit ADC, ['conv1'] kept full precision
  ANALOG + per-column gain calibration  :  92.43%  (46s)
  raw analog cost                       : -81.20 pts
  after gain calibration                :  -0.38 pts (recovered +80.82)

Wrote rsense_hi_20.csv
=== R_sense = 100 ohm ===
dataset: cifar10 (10 classes)
device: cuda
  NVIDIA GeForce RTX 4070 Laptop GPU

--- qat_b128.pth  block=tile_m=128 ---
  10000 test images
  19 conv layers in 'ideal' mode, 6-bit ADC, ['conv1'] kept full precision
  FP2 digital-exact (baseline)          :  92.81%  (16s)
  19 conv layers in 'analog' mode, 6-bit ADC, ['conv1'] kept full precision
  ANALOG raw readout                    :  10.00%  (43s)
  19 conv layers in 'corrected' mode, 6-bit ADC, ['conv1'] kept full precision
  ANALOG + per-column gain calibration  :  92.62%  (43s)
  raw analog cost                       : -82.81 pts
  after gain calibration                :  -0.19 pts (recovered +82.62)

Wrote rsense_hi_100.csv
=== R_sense = 200 ohm ===
dataset: cifar10 (10 classes)
device: cuda
  NVIDIA GeForce RTX 4070 Laptop GPU

--- qat_b128.pth  block=tile_m=128 ---
  10000 test images
  19 conv layers in 'ideal' mode, 6-bit ADC, ['conv1'] kept full precision
  FP2 digital-exact (baseline)          :  92.81%  (13s)
  19 conv layers in 'analog' mode, 6-bit ADC, ['conv1'] kept full precision
  ANALOG raw readout                    :  10.00%  (42s)
  19 conv layers in 'corrected' mode, 6-bit ADC, ['conv1'] kept full precision
  ANALOG + per-column gain calibration  :  92.59%  (46s)
  raw analog cost                       : -82.81 pts
  after gain calibration                :  -0.22 pts (recovered +82.59)

Wrote rsense_hi_200.csv
=== R_sense = 400 ohm ===
dataset: cifar10 (10 classes)
device: cuda
  NVIDIA GeForce RTX 4070 Laptop GPU

--- qat_b128.pth  block=tile_m=128 ---
  10000 test images
  19 conv layers in 'ideal' mode, 6-bit ADC, ['conv1'] kept full precision
  FP2 digital-exact (baseline)          :  92.81%  (16s)
  19 conv layers in 'analog' mode, 6-bit ADC, ['conv1'] kept full precision
  ANALOG raw readout                    :  10.00%  (42s)
  19 conv layers in 'corrected' mode, 6-bit ADC, ['conv1'] kept full precision
  ANALOG + per-column gain calibration  :  92.58%  (43s)
  raw analog cost                       : -82.81 pts
  after gain calibration                :  -0.23 pts (recovered +82.58)

Wrote rsense_hi_400.csv
=== R_sense = 600 ohm ===
dataset: cifar10 (10 classes)
device: cuda
  NVIDIA GeForce RTX 4070 Laptop GPU

--- qat_b128.pth  block=tile_m=128 ---
  10000 test images
  19 conv layers in 'ideal' mode, 6-bit ADC, ['conv1'] kept full precision
  FP2 digital-exact (baseline)          :  92.81%  (13s)
  19 conv layers in 'analog' mode, 6-bit ADC, ['conv1'] kept full precision
  ANALOG raw readout                    :  10.00%  (43s)
  19 conv layers in 'corrected' mode, 6-bit ADC, ['conv1'] kept full precision
  ANALOG + per-column gain calibration  :  92.52%  (43s)
  raw analog cost                       : -82.81 pts
  after gain calibration                :  -0.29 pts (recovered +82.52)

Wrote rsense_hi_600.csv
=== R_sense = 835 ohm ===
dataset: cifar10 (10 classes)
device: cuda
  NVIDIA GeForce RTX 4070 Laptop GPU

--- qat_b128.pth  block=tile_m=128 ---
  10000 test images
  19 conv layers in 'ideal' mode, 6-bit ADC, ['conv1'] kept full precision
  FP2 digital-exact (baseline)          :  92.81%  (16s)
  19 conv layers in 'analog' mode, 6-bit ADC, ['conv1'] kept full precision
  ANALOG raw readout                    :  10.00%  (40s)
  19 conv layers in 'corrected' mode, 6-bit ADC, ['conv1'] kept full precision
  ANALOG + per-column gain calibration  :  92.59%  (46s)
  raw analog cost                       : -82.81 pts
  after gain calibration                :  -0.22 pts (recovered +82.59)

Wrote rsense_hi_835.csv
=== R_sense = 1200 ohm ===
dataset: cifar10 (10 classes)
device: cuda
  NVIDIA GeForce RTX 4070 Laptop GPU

--- qat_b128.pth  block=tile_m=128 ---
  10000 test images
  19 conv layers in 'ideal' mode, 6-bit ADC, ['conv1'] kept full precision
  FP2 digital-exact (baseline)          :  92.81%  (13s)
  19 conv layers in 'analog' mode, 6-bit ADC, ['conv1'] kept full precision
  ANALOG raw readout                    :  10.00%  (42s)
  19 conv layers in 'corrected' mode, 6-bit ADC, ['conv1'] kept full precision
  ANALOG + per-column gain calibration  :  92.30%  (43s)
  raw analog cost                       : -82.81 pts
  after gain calibration                :  -0.51 pts (recovered +82.30)

Wrote rsense_hi_1200.csv
